../Core/Src/charge_control.c:61:7:ChargeControl_CheckSK60XConditions	8	static
../Core/Src/charge_control.c:76:7:ChargeControl_SetChargeRelay	0	static
../Core/Src/charge_control.c:24:20:ChargeControl_Init	16	static
../Core/Src/charge_control.c:43:7:ChargeControl_HandleRequest	0	static
../Core/Src/charge_control.c:90:7:ChargeControl_GetChargeRelayStatus	0	static
../Core/Src/charge_control.c:99:10:ChargeControl_GetChargeStateForModbus	0	static
../Core/Src/charge_control.c:113:16:ChargeControl_Process	16	static
