../Core/Src/main.c:450:6:StartDefaultTask	8	static
../Core/Src/main.c:484:6:StartBMSTask	8	static
../Core/Src/main.c:581:6:StartSK60xTask	8	static
../Core/Src/main.c:600:6:StartModbusTask	8	static
../Core/Src/main.c:180:6:SystemClock_Config	72	static,ignoring_inline_asm
../Core/Src/main.c:85:5:main	144	static,ignoring_inline_asm
../Core/Src/main.c:418:6:HAL_UART_RxCpltCallback	0	static
../Core/Src/main.c:427:6:HAL_UART_ErrorCallback	8	static
../Core/Src/main.c:624:6:Error_Handler	0	static,ignoring_inline_asm
