../Core/Src/modbus_rtu.c:83:19:ModbusRTU_Init	16	static
../Core/Src/modbus_rtu.c:114:10:ModbusRTU_CalculateCRC	12	static
../Core/Src/modbus_rtu.c:138:6:ModbusRTU_CheckCRC	16	static
../Core/Src/modbus_rtu.c:156:16:ModbusRTU_SendResponse	16	static
../Core/Src/modbus_rtu.c:200:6:ModbusRTU_SendException	0	static
../Core/Src/modbus_rtu.c:215:10:ModbusRTU_ReadRegister	16	static
../Core/Src/modbus_rtu.c:464:16:ModbusRTU_WriteRegister	8	static
../Core/Src/modbus_rtu.c:557:16:ModbusRTU_ReadHoldingRegisters	24	static
../Core/Src/modbus_rtu.c:599:16:ModbusRTU_WriteSingleRegister	16	static
../Core/Src/modbus_rtu.c:637:16:ModbusRTU_WriteMultipleRegisters	24	static
../Core/Src/modbus_rtu.c:699:16:ModbusRTU_ProcessFrame	24	static
../Core/Src/modbus_rtu.c:782:6:ModbusRTU_RxCpltCallback	16	static
../Core/Src/modbus_rtu.c:848:6:ModbusRTU_Reset	16	static
../Core/Src/modbus_rtu.c:836:6:ModbusRTU_ErrorCallback	8	static
../Core/Src/modbus_rtu.c:860:6:ModbusRTU_Process	16	static
../Core/Src/modbus_rtu.c:892:19:ModbusRTU_ApplyConfig	0	static
../Core/Src/modbus_rtu.c:908:6:ModbusRTU_BaudrateFromCode	0	static
../Core/Src/modbus_rtu.c:950:6:ModbusRTU_UpdateDataFromSources	0	static
