Archive member included to satisfy reference by file (symbol)

E:/ST/STM32CubeIDE_1.19.0/STM32CubeIDE/plugins/com.st.stm32cube.ide.mcu.externaltools.gnu-tools-for-stm32.13.3.rel1.win32_1.0.0.202411081344/tools/bin/../lib/gcc/arm-none-eabi/13.3.1/../../../../arm-none-eabi/lib/thumb/v7-m/nofp\libc_nano.a(libc_a-exit.o)
                              E:/ST/STM32CubeIDE_1.19.0/STM32CubeIDE/plugins/com.st.stm32cube.ide.mcu.externaltools.gnu-tools-for-stm32.13.3.rel1.win32_1.0.0.202411081344/tools/bin/../lib/gcc/arm-none-eabi/13.3.1/../../../../arm-none-eabi/lib/thumb/v7-m/nofp/crt0.o (exit)
E:/ST/STM32CubeIDE_1.19.0/STM32CubeIDE/plugins/com.st.stm32cube.ide.mcu.externaltools.gnu-tools-for-stm32.13.3.rel1.win32_1.0.0.202411081344/tools/bin/../lib/gcc/arm-none-eabi/13.3.1/../../../../arm-none-eabi/lib/thumb/v7-m/nofp\libc_nano.a(libc_a-findfp.o)
                              E:/ST/STM32CubeIDE_1.19.0/STM32CubeIDE/plugins/com.st.stm32cube.ide.mcu.externaltools.gnu-tools-for-stm32.13.3.rel1.win32_1.0.0.202411081344/tools/bin/../lib/gcc/arm-none-eabi/13.3.1/../../../../arm-none-eabi/lib/thumb/v7-m/nofp\libc_nano.a(libc_a-exit.o) (__stdio_exit_handler)
E:/ST/STM32CubeIDE_1.19.0/STM32CubeIDE/plugins/com.st.stm32cube.ide.mcu.externaltools.gnu-tools-for-stm32.13.3.rel1.win32_1.0.0.202411081344/tools/bin/../lib/gcc/arm-none-eabi/13.3.1/../../../../arm-none-eabi/lib/thumb/v7-m/nofp\libc_nano.a(libc_a-fwalk.o)
                              E:/ST/STM32CubeIDE_1.19.0/STM32CubeIDE/plugins/com.st.stm32cube.ide.mcu.externaltools.gnu-tools-for-stm32.13.3.rel1.win32_1.0.0.202411081344/tools/bin/../lib/gcc/arm-none-eabi/13.3.1/../../../../arm-none-eabi/lib/thumb/v7-m/nofp\libc_nano.a(libc_a-findfp.o) (_fwalk_sglue)
E:/ST/STM32CubeIDE_1.19.0/STM32CubeIDE/plugins/com.st.stm32cube.ide.mcu.externaltools.gnu-tools-for-stm32.13.3.rel1.win32_1.0.0.202411081344/tools/bin/../lib/gcc/arm-none-eabi/13.3.1/../../../../arm-none-eabi/lib/thumb/v7-m/nofp\libc_nano.a(libc_a-stdio.o)
                              E:/ST/STM32CubeIDE_1.19.0/STM32CubeIDE/plugins/com.st.stm32cube.ide.mcu.externaltools.gnu-tools-for-stm32.13.3.rel1.win32_1.0.0.202411081344/tools/bin/../lib/gcc/arm-none-eabi/13.3.1/../../../../arm-none-eabi/lib/thumb/v7-m/nofp\libc_nano.a(libc_a-findfp.o) (__sread)
E:/ST/STM32CubeIDE_1.19.0/STM32CubeIDE/plugins/com.st.stm32cube.ide.mcu.externaltools.gnu-tools-for-stm32.13.3.rel1.win32_1.0.0.202411081344/tools/bin/../lib/gcc/arm-none-eabi/13.3.1/../../../../arm-none-eabi/lib/thumb/v7-m/nofp\libc_nano.a(libc_a-memset.o)
                              E:/ST/STM32CubeIDE_1.19.0/STM32CubeIDE/plugins/com.st.stm32cube.ide.mcu.externaltools.gnu-tools-for-stm32.13.3.rel1.win32_1.0.0.202411081344/tools/bin/../lib/gcc/arm-none-eabi/13.3.1/../../../../arm-none-eabi/lib/thumb/v7-m/nofp/crt0.o (memset)
E:/ST/STM32CubeIDE_1.19.0/STM32CubeIDE/plugins/com.st.stm32cube.ide.mcu.externaltools.gnu-tools-for-stm32.13.3.rel1.win32_1.0.0.202411081344/tools/bin/../lib/gcc/arm-none-eabi/13.3.1/../../../../arm-none-eabi/lib/thumb/v7-m/nofp\libc_nano.a(libc_a-closer.o)
                              E:/ST/STM32CubeIDE_1.19.0/STM32CubeIDE/plugins/com.st.stm32cube.ide.mcu.externaltools.gnu-tools-for-stm32.13.3.rel1.win32_1.0.0.202411081344/tools/bin/../lib/gcc/arm-none-eabi/13.3.1/../../../../arm-none-eabi/lib/thumb/v7-m/nofp\libc_nano.a(libc_a-stdio.o) (_close_r)
E:/ST/STM32CubeIDE_1.19.0/STM32CubeIDE/plugins/com.st.stm32cube.ide.mcu.externaltools.gnu-tools-for-stm32.13.3.rel1.win32_1.0.0.202411081344/tools/bin/../lib/gcc/arm-none-eabi/13.3.1/../../../../arm-none-eabi/lib/thumb/v7-m/nofp\libc_nano.a(libc_a-reent.o)
                              E:/ST/STM32CubeIDE_1.19.0/STM32CubeIDE/plugins/com.st.stm32cube.ide.mcu.externaltools.gnu-tools-for-stm32.13.3.rel1.win32_1.0.0.202411081344/tools/bin/../lib/gcc/arm-none-eabi/13.3.1/../../../../arm-none-eabi/lib/thumb/v7-m/nofp\libc_nano.a(libc_a-closer.o) (errno)
E:/ST/STM32CubeIDE_1.19.0/STM32CubeIDE/plugins/com.st.stm32cube.ide.mcu.externaltools.gnu-tools-for-stm32.13.3.rel1.win32_1.0.0.202411081344/tools/bin/../lib/gcc/arm-none-eabi/13.3.1/../../../../arm-none-eabi/lib/thumb/v7-m/nofp\libc_nano.a(libc_a-impure.o)
                              E:/ST/STM32CubeIDE_1.19.0/STM32CubeIDE/plugins/com.st.stm32cube.ide.mcu.externaltools.gnu-tools-for-stm32.13.3.rel1.win32_1.0.0.202411081344/tools/bin/../lib/gcc/arm-none-eabi/13.3.1/../../../../arm-none-eabi/lib/thumb/v7-m/nofp\libc_nano.a(libc_a-reent.o) (_impure_ptr)
E:/ST/STM32CubeIDE_1.19.0/STM32CubeIDE/plugins/com.st.stm32cube.ide.mcu.externaltools.gnu-tools-for-stm32.13.3.rel1.win32_1.0.0.202411081344/tools/bin/../lib/gcc/arm-none-eabi/13.3.1/../../../../arm-none-eabi/lib/thumb/v7-m/nofp\libc_nano.a(libc_a-lseekr.o)
[...]
Memory Configuration

Name             Origin             Length             Attributes
RAM              0x20000000         0x00005000         xrw
FLASH            0x08000000         0x00010000         xr
*default*        0x00000000         0xffffffff

Linker script and memory map

LOAD E:/ST/STM32CubeIDE_1.19.0/STM32CubeIDE/plugins/com.st.stm32cube.ide.mcu.externaltools.gnu-tools-for-stm32.13.3.rel1.win32_1.0.0.202411081344/tools/bin/../lib/gcc/arm-none-eabi/13.3.1/thumb/v7-m/nofp/crti.o
LOAD E:/ST/STM32CubeIDE_1.19.0/STM32CubeIDE/plugins/com.st.stm32cube.ide.mcu.externaltools.gnu-tools-for-stm32.13.3.rel1.win32_1.0.0.202411081344/tools/bin/../lib/gcc/arm-none-eabi/13.3.1/thumb/v7-m/nofp/crtbegin.o
LOAD E:/ST/STM32CubeIDE_1.19.0/STM32CubeIDE/plugins/com.st.stm32cube.ide.mcu.externaltools.gnu-tools-for-stm32.13.3.rel1.win32_1.0.0.202411081344/tools/bin/../lib/gcc/arm-none-eabi/13.3.1/../../../../arm-none-eabi/lib/thumb/v7-m/nofp/crt0.o
LOAD ./Core/Src/charge_control.o
LOAD ./Core/Src/daly_bms.o
LOAD ./Core/Src/freertos.o
LOAD ./Core/Src/ina219.o
LOAD ./Core/Src/main.o
LOAD ./Core/Src/modbus_rtu.o
LOAD ./Core/Src/sk60x.o
LOAD ./Core/Src/stm32f1xx_hal_msp.o
LOAD ./Core/Src/stm32f1xx_it.o
LOAD ./Core/Src/syscalls.o
LOAD ./Core/Src/sysmem.o
LOAD ./Core/Src/system_stm32f1xx.o
LOAD ./Core/Startup/startup_stm32f103c8tx.o
LOAD ./Drivers/STM32F1xx_HAL_Driver/Src/stm32f1xx_hal.o
LOAD ./Drivers/STM32F1xx_HAL_Driver/Src/stm32f1xx_hal_cortex.o
LOAD ./Drivers/STM32F1xx_HAL_Driver/Src/stm32f1xx_hal_dma.o
LOAD ./Drivers/STM32F1xx_HAL_Driver/Src/stm32f1xx_hal_exti.o
LOAD ./Drivers/STM32F1xx_HAL_Driver/Src/stm32f1xx_hal_flash.o
LOAD ./Drivers/STM32F1xx_HAL_Driver/Src/stm32f1xx_hal_flash_ex.o
LOAD ./Drivers/STM32F1xx_HAL_Driver/Src/stm32f1xx_hal_gpio.o
LOAD ./Drivers/STM32F1xx_HAL_Driver/Src/stm32f1xx_hal_gpio_ex.o
LOAD ./Drivers/STM32F1xx_HAL_Driver/Src/stm32f1xx_hal_i2c.o
LOAD ./Drivers/STM32F1xx_HAL_Driver/Src/stm32f1xx_hal_pwr.o
LOAD ./Drivers/STM32F1xx_HAL_Driver/Src/stm32f1xx_hal_rcc.o
LOAD ./Drivers/STM32F1xx_HAL_Driver/Src/stm32f1xx_hal_rcc_ex.o
LOAD ./Drivers/STM32F1xx_HAL_Driver/Src/stm32f1xx_hal_uart.o
LOAD ./Middlewares/Third_Party/FreeRTOS/Source/CMSIS_RTOS/cmsis_os.o
LOAD ./Middlewares/Third_Party/FreeRTOS/Source/croutine.o
LOAD ./Middlewares/Third_Party/FreeRTOS/Source/event_groups.o
LOAD ./Middlewares/Third_Party/FreeRTOS/Source/list.o
LOAD ./Middlewares/Third_Party/FreeRTOS/Source/queue.o
LOAD ./Middlewares/Third_Party/FreeRTOS/Source/stream_buffer.o
LOAD ./Middlewares/Third_Party/FreeRTOS/Source/tasks.o
LOAD ./Middlewares/Third_Party/FreeRTOS/Source/timers.o
LOAD ./Middlewares/Third_Party/FreeRTOS/Source/portable/GCC/ARM_CM3/port.o
LOAD ./Middlewares/Third_Party/FreeRTOS/Source/portable/MemMang/heap_4.o
START GROUP
LOAD E:/ST/STM32CubeIDE_1.19.0/STM32CubeIDE/plugins/com.st.stm32cube.ide.mcu.externaltools.gnu-tools-for-stm32.13.3.rel1.win32_1.0.0.202411081344/tools/bin/../lib/gcc/arm-none-eabi/13.3.1/../../../../arm-none-eabi/lib/thumb/v7-m/nofp\libc_nano.a
LOAD E:/ST/STM32CubeIDE_1.19.0/STM32CubeIDE/plugins/com.st.stm32cube.ide.mcu.externaltools.gnu-tools-for-stm32.13.3.rel1.win32_1.0.0.202411081344/tools/bin/../lib/gcc/arm-none-eabi/13.3.1/../../../../arm-none-eabi/lib/thumb/v7-m/nofp\libm.a
END GROUP
START GROUP
LOAD E:/ST/STM32CubeIDE_1.19.0/STM32CubeIDE/plugins/com.st.stm32cube.ide.mcu.externaltools.gnu-tools-for-stm32.13.3.rel1.win32_1.0.0.202411081344/tools/bin/../lib/gcc/arm-none-eabi/13.3.1/thumb/v7-m/nofp\libgcc.a
LOAD E:/ST/STM32CubeIDE_1.19.0/STM32CubeIDE/plugins/com.st.stm32cube.ide.mcu.externaltools.gnu-tools-for-stm32.13.3.rel1.win32_1.0.0.202411081344/tools/bin/../lib/gcc/arm-none-eabi/13.3.1/../../../../arm-none-eabi/lib/thumb/v7-m/nofp\libc_nano.a
END GROUP
START GROUP
LOAD E:/ST/STM32CubeIDE_1.19.0/STM32CubeIDE/plugins/com.st.stm32cube.ide.mcu.externaltools.gnu-tools-for-stm32.13.3.rel1.win32_1.0.0.202411081344/tools/bin/../lib/gcc/arm-none-eabi/13.3.1/thumb/v7-m/nofp\libgcc.a
LOAD E:/ST/STM32CubeIDE_1.19.0/STM32CubeIDE/plugins/com.st.stm32cube.ide.mcu.externaltools.gnu-tools-for-stm32.13.3.rel1.win32_1.0.0.202411081344/tools/bin/../lib/gcc/arm-none-eabi/13.3.1/../../../../arm-none-eabi/lib/thumb/v7-m/nofp\libc_nano.a
LOAD E:/ST/STM32CubeIDE_1.19.0/STM32CubeIDE/plugins/com.st.stm32cube.ide.mcu.externaltools.gnu-tools-for-stm32.13.3.rel1.win32_1.0.0.202411081344/tools/bin/../lib/gcc/arm-none-eabi/13.3.1/../../../../arm-none-eabi/lib/thumb/v7-m/nofp\libnosys.a
END GROUP
START GROUP
LOAD E:/ST/STM32CubeIDE_1.19.0/STM32CubeIDE/plugins/com.st.stm32cube.ide.mcu.externaltools.gnu-tools-for-stm32.13.3.rel1.win32_1.0.0.202411081344/tools/bin/../lib/gcc/arm-none-eabi/13.3.1/thumb/v7-m/nofp\libgcc.a
LOAD E:/ST/STM32CubeIDE_1.19.0/STM32CubeIDE/plugins/com.st.stm32cube.ide.mcu.externaltools.gnu-tools-for-stm32.13.3.rel1.win32_1.0.0.202411081344/tools/bin/../lib/gcc/arm-none-eabi/13.3.1/../../../../arm-none-eabi/lib/thumb/v7-m/nofp\libc_nano.a
LOAD E:/ST/STM32CubeIDE_1.19.0/STM32CubeIDE/plugins/com.st.stm32cube.ide.mcu.externaltools.gnu-tools-for-stm32.13.3.rel1.win32_1.0.0.202411081344/tools/bin/../lib/gcc/arm-none-eabi/13.3.1/../../../../arm-none-eabi/lib/thumb/v7-m/nofp\libnosys.a
END GROUP
LOAD E:/ST/STM32CubeIDE_1.19.0/STM32CubeIDE/plugins/com.st.stm32cube.ide.mcu.externaltools.gnu-tools-for-stm32.13.3.rel1.win32_1.0.0.202411081344/tools/bin/../lib/gcc/arm-none-eabi/13.3.1/thumb/v7-m/nofp/crtend.o
LOAD E:/ST/STM32CubeIDE_1.19.0/STM32CubeIDE/plugins/com.st.stm32cube.ide.mcu.externaltools.gnu-tools-for-stm32.13.3.rel1.win32_1.0.0.202411081344/tools/bin/../lib/gcc/arm-none-eabi/13.3.1/thumb/v7-m/nofp/crtn.o
                0x20005000                        _estack = (ORIGIN (RAM) + LENGTH (RAM))
                0x00000200                        _Min_Heap_Size = 0x200
                0x00000400                        _Min_Stack_Size = 0x400

.isr_vector     0x08000000      0x10c
                0x08000000                        . = ALIGN (0x4)
 *(.isr_vector)
 .isr_vector    0x08000000      0x10c ./Core/Startup/startup_stm32f103c8tx.o
                0x08000000                g_pfnVectors
                0x0800010c                        . = ALIGN (0x4)

.text           0x08000110     0x56dc
                0x08000110                        . = ALIGN (0x4)
 *(.text)
 .text          0x08000110       0x40 E:/ST/STM32CubeIDE_1.19.0/STM32CubeIDE/plugins/com.st.stm32cube.ide.mcu.externaltools.gnu-tools-for-stm32.13.3.rel1.win32_1.0.0.202411081344/tools/bin/../lib/gcc/arm-none-eabi/13.3.1/thumb/v7-m/nofp/crtbegin.o
 .text          0x08000150      0x21c E:/ST/STM32CubeIDE_1.19.0/STM32CubeIDE/plugins/com.st.stm32cube.ide.mcu.externaltools.gnu-tools-for-stm32.13.3.rel1.win32_1.0.0.202411081344/tools/bin/../lib/gcc/arm-none-eabi/13.3.1/thumb/v7-m/nofp\libgcc.a(_arm_addsubsf3.o)
                0x08000150                __aeabi_frsub
                0x08000158                __subsf3
                0x08000158                __aeabi_fsub
                0x0800015c                __aeabi_fadd
                0x0800015c                __addsf3
                0x080002bc                __aeabi_ui2f
                0x080002bc                __floatunsisf
                0x080002c4                __aeabi_i2f
                0x080002c4                __floatsisf
                0x080002e0                __aeabi_ul2f
                0x080002e0                __floatundisf
                0x080002f0                __aeabi_l2f
                0x080002f0                __floatdisf
 .text          0x0800036c      0x2a0 E:/ST/STM32CubeIDE_1.19.0/STM32CubeIDE/plugins/com.st.stm32cube.ide.mcu.externaltools.gnu-tools-for-stm32.13.3.rel1.win32_1.0.0.202411081344/tools/bin/../lib/gcc/arm-none-eabi/13.3.1/thumb/v7-m/nofp\libgcc.a(_arm_muldivsf3.o)
                0x0800036c                __mulsf3
                0x0800036c                __aeabi_fmul
                0x080004d4                __aeabi_fdiv
                0x080004d4                __divsf3
 .text          0x0800060c       0xec E:/ST/STM32CubeIDE_1.19.0/STM32CubeIDE/plugins/com.st.stm32cube.ide.mcu.externaltools.gnu-tools-for-stm32.13.3.rel1.win32_1.0.0.202411081344/tools/bin/../lib/gcc/arm-none-eabi/13.3.1/thumb/v7-m/nofp\libgcc.a(_arm_cmpsf2.o)
                0x0800060c                __gesf2
                0x0800060c                __gtsf2
                0x08000614                __lesf2
                0x08000614                __ltsf2
                0x0800061c                __nesf2
                0x0800061c                __eqsf2
                0x0800061c                __cmpsf2
                0x0800067c                __aeabi_cfrcmple
                0x08000684                __aeabi_cfcmpeq
                0x08000684                __aeabi_cfcmple
                0x08000694                __aeabi_fcmpeq
                0x080006a8                __aeabi_fcmplt
                0x080006bc                __aeabi_fcmple
                0x080006d0                __aeabi_fcmpge
                0x080006e4                __aeabi_fcmpgt
 .text          0x080006f8       0x40 E:/ST/STM32CubeIDE_1.19.0/STM32CubeIDE/plugins/com.st.stm32cube.ide.mcu.externaltools.gnu-tools-for-stm32.13.3.rel1.win32_1.0.0.202411081344/tools/bin/../lib/gcc/arm-none-eabi/13.3.1/thumb/v7-m/nofp\libgcc.a(_arm_fixunssfsi.o)
                0x080006f8                __fixunssfsi
                0x080006f8                __aeabi_f2uiz
 *(.text*)
 .text.ChargeControl_CheckSK60XConditions
                0x08000738       0x34 ./Core/Src/charge_control.o
                0x08000738                ChargeControl_CheckSK60XConditions
 .text.ChargeControl_SetChargeRelay
                0x0800076c       0x20 ./Core/Src/charge_control.o
                0x0800076c                ChargeControl_SetChargeRelay
 .text.ChargeControl_HandleRequest
                0x0800078c       0x18 ./Core/Src/charge_control.o
                0x0800078c                ChargeControl_HandleRequest
 .text.ChargeControl_GetChargeStateForModbus
                0x080007a4       0x10 ./Core/Src/charge_control.o
                0x080007a4                ChargeControl_GetChargeStateForModbus
 .text.ChargeControl_Process
                0x080007b4       0x84 ./Core/Src/charge_control.o
                0x080007b4                ChargeControl_Process
 .text.DalyBMS_Request
                0x08000838       0x54 ./Core/Src/daly_bms.o
                0x08000838                DalyBMS_Request
 .text.DalyBMS_Recive
                0x0800088c       0xd4 ./Core/Src/daly_bms.o
                0x0800088c                DalyBMS_Recive
 .text.DalyBMS_Get_Pack_Data
                0x08000960       0x7c ./Core/Src/daly_bms.o
                0x08000960                DalyBMS_Get_Pack_Data
 .text.DalyBMS_Get_Min_Max_Cell_Voltage
                0x080009dc       0x40 ./Core/Src/daly_bms.o
                0x080009dc                DalyBMS_Get_Min_Max_Cell_Voltage
 .text.DalyBMS_Get_Pack_Temperature
                0x08000a1c       0x38 ./Core/Src/daly_bms.o
                0x08000a1c                DalyBMS_Get_Pack_Temperature
 .text.DalyBMS_Get_Charge_Discharge_Status
                0x08000a54       0x58 ./Core/Src/daly_bms.o
                0x08000a54                DalyBMS_Get_Charge_Discharge_Status
 .text.DalyBMS_Get_Status_Info
                0x08000aac       0x50 ./Core/Src/daly_bms.o
                0x08000aac                DalyBMS_Get_Status_Info
 .text.DalyBMS_Get_Cell_Voltages
                0x08000afc       0xac ./Core/Src/daly_bms.o
                0x08000afc                DalyBMS_Get_Cell_Voltages
 .text.DalyBMS_Get_Cell_Temperatures
                0x08000ba8       0x4c ./Core/Src/daly_bms.o
                0x08000ba8                DalyBMS_Get_Cell_Temperatures
 .text.DalyBMS_Get_Cell_Balance_State
                0x08000bf4       0x88 ./Core/Src/daly_bms.o
                0x08000bf4                DalyBMS_Get_Cell_Balance_State
 .text.DalyBMS_Get_Failure_Codes
                0x08000c7c      0x358 ./Core/Src/daly_bms.o
                0x08000c7c                DalyBMS_Get_Failure_Codes
 .text.DalyBMS_Get_Voltage_Thresholds
                0x08000fd4       0x40 ./Core/Src/daly_bms.o
                0x08000fd4                DalyBMS_Get_Voltage_Thresholds
 .text.DalyBMS_Get_Pack_Thresholds
                0x08001014       0x40 ./Core/Src/daly_bms.o
                0x08001014                DalyBMS_Get_Pack_Thresholds
 .text.DalyBMS_On_Request_Done
                0x08001054        0x2 ./Core/Src/daly_bms.o
                0x08001054                DalyBMS_On_Request_Done
 *fill*         0x08001056        0x2 
 .text.DalyBMS_Clear_Data
                0x08001058       0x10 ./Core/Src/daly_bms.o
                0x08001058                DalyBMS_Clear_Data
 .text.DalyBMS_Clear_Get
                0x08001068        0xc ./Core/Src/daly_bms.o
                0x08001068                DalyBMS_Clear_Get
 .text.DalyBMS_Set_Callback
                0x08001074        0xc ./Core/Src/daly_bms.o
                0x08001074                DalyBMS_Set_Callback
 .text.DalyBMS_UART_RxCpltCallback
                0x08001080       0x18 ./Core/Src/daly_bms.o
                0x08001080                DalyBMS_UART_RxCpltCallback
 .text.DalyBMS_UART_ErrorCallback
                0x08001098       0x18 ./Core/Src/daly_bms.o
                0x08001098                DalyBMS_UART_ErrorCallback
 .text.vApplicationGetIdleTaskMemory
                0x080010b0       0x18 ./Core/Src/freertos.o
                0x080010b0                vApplicationGetIdleTaskMemory
 .text.INA219_ReadRegister
                0x080010c8       0x3c ./Core/Src/ina219.o
 .text.INA219_WriteRegister.isra.0
                0x08001104       0x26 ./Core/Src/ina219.o
 *fill*         0x0800112a        0x2 
 .text.INA219_Init
                0x0800112c       0x60 ./Core/Src/ina219.o
                0x0800112c                INA219_Init
 .text.INA219_Read_Bus_Voltage
                0x0800118c       0x38 ./Core/Src/ina219.o
                0x0800118c                INA219_Read_Bus_Voltage
 .text.INA219_Read_Current
                0x080011c4       0x34 ./Core/Src/ina219.o
                0x080011c4                INA219_Read_Current
 .text.INA219_Read_Power
                0x080011f8       0x34 ./Core/Src/ina219.o
                0x080011f8                INA219_Read_Power
 .text.StartDefaultTask
                0x0800122c       0x98 ./Core/Src/main.o
                0x0800122c                StartDefaultTask
 .text.StartBMSTask
                0x080012c4      0x12c ./Core/Src/main.o
                0x080012c4                StartBMSTask
 .text.StartSK60xTask
                0x080013f0        0xe ./Core/Src/main.o
                0x080013f0                StartSK60xTask
 *fill*         0x080013fe        0x2 
 .text.StartModbusTask
                0x08001400       0x34 ./Core/Src/main.o
                0x08001400                StartModbusTask
 .text.SystemClock_Config
                0x08001434       0x5e ./Core/Src/main.o
                0x08001434                SystemClock_Config
 *fill*         0x08001492        0x2 
 .text.startup.main
                0x08001494      0x284 ./Core/Src/main.o
                0x08001494                main
 .text.HAL_UART_RxCpltCallback
                0x08001718       0x20 ./Core/Src/main.o
                0x08001718                HAL_UART_RxCpltCallback
 .text.HAL_UART_ErrorCallback
                0x08001738       0x48 ./Core/Src/main.o
                0x08001738                HAL_UART_ErrorCallback
 .text.ModbusRTU_Init
                0x08001780       0x6c ./Core/Src/modbus_rtu.o
                0x08001780                ModbusRTU_Init
 .text.ModbusRTU_CalculateCRC
                0x080017ec       0x34 ./Core/Src/modbus_rtu.o
                0x080017ec                ModbusRTU_CalculateCRC
 .text.ModbusRTU_CheckCRC
                0x08001820       0x2c ./Core/Src/modbus_rtu.o
                0x08001820                ModbusRTU_CheckCRC
 .text.ModbusRTU_SendResponse
                0x0800184c       0x8c ./Core/Src/modbus_rtu.o
                0x0800184c                ModbusRTU_SendResponse
 .text.ModbusRTU_SendException
                0x080018d8       0x24 ./Core/Src/modbus_rtu.o
                0x080018d8                ModbusRTU_SendException
 .text.ModbusRTU_ReadRegister
                0x080018fc      0x404 ./Core/Src/modbus_rtu.o
                0x080018fc                ModbusRTU_ReadRegister
 .text.ModbusRTU_WriteRegister
                0x08001d00       0xf0 ./Core/Src/modbus_rtu.o
                0x08001d00                ModbusRTU_WriteRegister
 .text.ModbusRTU_ReadHoldingRegisters
                0x08001df0       0x8c ./Core/Src/modbus_rtu.o
                0x08001df0                ModbusRTU_ReadHoldingRegisters
 .text.ModbusRTU_WriteSingleRegister
                0x08001e7c       0x46 ./Core/Src/modbus_rtu.o
                0x08001e7c                ModbusRTU_WriteSingleRegister
 *fill*         0x08001ec2        0x2 
 .text.ModbusRTU_WriteMultipleRegisters
                0x08001ec4       0xb4 ./Core/Src/modbus_rtu.o
                0x08001ec4                ModbusRTU_WriteMultipleRegisters
 .text.ModbusRTU_ProcessFrame
                0x08001f78       0xa4 ./Core/Src/modbus_rtu.o
                0x08001f78                ModbusRTU_ProcessFrame
 .text.ModbusRTU_RxCpltCallback
                0x0800201c       0x74 ./Core/Src/modbus_rtu.o
                0x0800201c                ModbusRTU_RxCpltCallback
 .text.ModbusRTU_Reset
                0x08002090       0x34 ./Core/Src/modbus_rtu.o
                0x08002090                ModbusRTU_Reset
 .text.ModbusRTU_ErrorCallback
                0x080020c4       0x28 ./Core/Src/modbus_rtu.o
                0x080020c4                ModbusRTU_ErrorCallback
 .text.ModbusRTU_Process
                0x080020ec       0x78 ./Core/Src/modbus_rtu.o
                0x080020ec                ModbusRTU_Process
 .text.Calculate_CRC.constprop.0
                0x08002164       0x34 ./Core/Src/sk60x.o
 .text.SK60X_Send_Command
                0x08002198       0x40 ./Core/Src/sk60x.o
 .text.SK60X_Read_Data
                0x080021d8       0xc0 ./Core/Src/sk60x.o
                0x080021d8                SK60X_Read_Data
 .text.SK60X_Set_On_Off
                0x08002298       0x10 ./Core/Src/sk60x.o
                0x08002298                SK60X_Set_On_Off
 .text.SK60X_Set_Lock
                0x080022a8       0x10 ./Core/Src/sk60x.o
                0x080022a8                SK60X_Set_Lock
 .text.SK60X_Set_Voltage
                0x080022b8       0x1a ./Core/Src/sk60x.o
                0x080022b8                SK60X_Set_Voltage
 .text.SK60X_Set_Current
                0x080022d2       0x12 ./Core/Src/sk60x.o
                0x080022d2                SK60X_Set_Current
 .text.HAL_MspInit
                0x080022e4       0x50 ./Core/Src/stm32f1xx_hal_msp.o
                0x080022e4                HAL_MspInit
 .text.HAL_I2C_MspInit
                0x08002334       0x74 ./Core/Src/stm32f1xx_hal_msp.o
                0x08002334                HAL_I2C_MspInit
 .text.HAL_UART_MspInit
                0x080023a8      0x158 ./Core/Src/stm32f1xx_hal_msp.o
                0x080023a8                HAL_UART_MspInit
 .text.NMI_Handler
                0x08002500        0x2 ./Core/Src/stm32f1xx_it.o
                0x08002500                NMI_Handler
 .text.HardFault_Handler
                0x08002502        0x2 ./Core/Src/stm32f1xx_it.o
                0x08002502                HardFault_Handler
 .text.MemManage_Handler
                0x08002504        0x2 ./Core/Src/stm32f1xx_it.o
                0x08002504                MemManage_Handler
 .text.BusFault_Handler
                0x08002506        0x2 ./Core/Src/stm32f1xx_it.o
                0x08002506                BusFault_Handler
 .text.UsageFault_Handler
                0x08002508        0x2 ./Core/Src/stm32f1xx_it.o
                0x08002508                UsageFault_Handler
 .text.DebugMon_Handler
                0x0800250a        0x2 ./Core/Src/stm32f1xx_it.o
                0x0800250a                DebugMon_Handler
 .text.SysTick_Handler
                0x0800250c       0x18 ./Core/Src/stm32f1xx_it.o
                0x0800250c                SysTick_Handler
 .text.I2C1_EV_IRQHandler
                0x08002524        0xc ./Core/Src/stm32f1xx_it.o
                0x08002524                I2C1_EV_IRQHandler
 .text.USART1_IRQHandler
                0x08002530        0xc ./Core/Src/stm32f1xx_it.o
                0x08002530                USART1_IRQHandler
 .text.USART2_IRQHandler
                0x0800253c        0xc ./Core/Src/stm32f1xx_it.o
                0x0800253c                USART2_IRQHandler
 .text.USART3_IRQHandler
                0x08002548        0xc ./Core/Src/stm32f1xx_it.o
                0x08002548                USART3_IRQHandler
 .text.SystemInit
                0x08002554        0x2 ./Core/Src/system_stm32f1xx.o
                0x08002554                SystemInit
 *fill*         0x08002556        0x2 
 .text.Reset_Handler
                0x08002558       0x48 ./Core/Startup/startup_stm32f103c8tx.o
                0x08002558                Reset_Handler
 .text.Default_Handler
                0x080025a0        0x2 ./Core/Startup/startup_stm32f103c8tx.o
                0x080025a0                RTC_Alarm_IRQHandler
                0x080025a0                EXTI2_IRQHandler
                0x080025a0                TIM1_CC_IRQHandler
                0x080025a0                PVD_IRQHandler
                0x080025a0                EXTI3_IRQHandler
                0x080025a0                EXTI0_IRQHandler
                0x080025a0                I2C2_EV_IRQHandler
                0x080025a0                ADC1_2_IRQHandler
                0x080025a0                SPI1_IRQHandler
                0x080025a0                TAMPER_IRQHandler
                0x080025a0                DMA1_Channel4_IRQHandler
                0x080025a0                RTC_IRQHandler
                0x080025a0                DMA1_Channel7_IRQHandler
                0x080025a0                CAN1_RX1_IRQHandler
                0x080025a0                TIM4_IRQHandler
                0x080025a0                DMA1_Channel6_IRQHandler
                0x080025a0                TIM3_IRQHandler
                0x080025a0                RCC_IRQHandler
                0x080025a0                TIM1_TRG_COM_IRQHandler
                0x080025a0                DMA1_Channel1_IRQHandler
                0x080025a0                Default_Handler
                0x080025a0                EXTI15_10_IRQHandler
                0x080025a0                EXTI9_5_IRQHandler
                0x080025a0                SPI2_IRQHandler
                0x080025a0                DMA1_Channel5_IRQHandler
                0x080025a0                EXTI4_IRQHandler
                0x080025a0                USB_LP_CAN1_RX0_IRQHandler
                0x080025a0                USB_HP_CAN1_TX_IRQHandler
                0x080025a0                DMA1_Channel3_IRQHandler
                0x080025a0                TIM1_UP_IRQHandler
                0x080025a0                WWDG_IRQHandler
                0x080025a0                TIM2_IRQHandler
                0x080025a0                TIM1_BRK_IRQHandler
                0x080025a0                EXTI1_IRQHandler
                0x080025a0                I2C2_ER_IRQHandler
                0x080025a0                DMA1_Channel2_IRQHandler
                0x080025a0                CAN1_SCE_IRQHandler
                0x080025a0                FLASH_IRQHandler
                0x080025a0                I2C1_ER_IRQHandler
                0x080025a0                USBWakeUp_IRQHandler
 *fill*         0x080025a2        0x2 
 .text.HAL_InitTick
                0x080025a4       0x48 ./Drivers/STM32F1xx_HAL_Driver/Src/stm32f1xx_hal.o
                0x080025a4                HAL_InitTick
 .text.HAL_Init
                0x080025ec       0x24 ./Drivers/STM32F1xx_HAL_Driver/Src/stm32f1xx_hal.o
                0x080025ec                HAL_Init
 .text.HAL_IncTick
                0x08002610       0x18 ./Drivers/STM32F1xx_HAL_Driver/Src/stm32f1xx_hal.o
                0x08002610                HAL_IncTick
 .text.HAL_GetTick
                0x08002628        0xc ./Drivers/STM32F1xx_HAL_Driver/Src/stm32f1xx_hal.o
                0x08002628                HAL_GetTick
 .text.HAL_Delay
                0x08002634       0x24 ./Drivers/STM32F1xx_HAL_Driver/Src/stm32f1xx_hal.o
                0x08002634                HAL_Delay
 .text.HAL_NVIC_SetPriorityGrouping
                0x08002658       0x24 ./Drivers/STM32F1xx_HAL_Driver/Src/stm32f1xx_hal_cortex.o
                0x08002658                HAL_NVIC_SetPriorityGrouping
 .text.HAL_NVIC_SetPriority
                0x0800267c       0x60 ./Drivers/STM32F1xx_HAL_Driver/Src/stm32f1xx_hal_cortex.o
                0x0800267c                HAL_NVIC_SetPriority
 .text.HAL_NVIC_EnableIRQ
                0x080026dc       0x1c ./Drivers/STM32F1xx_HAL_Driver/Src/stm32f1xx_hal_cortex.o
                0x080026dc                HAL_NVIC_EnableIRQ
 .text.HAL_SYSTICK_Config
                0x080026f8       0x28 ./Drivers/STM32F1xx_HAL_Driver/Src/stm32f1xx_hal_cortex.o
                0x080026f8                HAL_SYSTICK_Config
 .text.HAL_DMA_Abort
                0x08002720       0x3e ./Drivers/STM32F1xx_HAL_Driver/Src/stm32f1xx_hal_dma.o
                0x08002720                HAL_DMA_Abort
 *fill*         0x0800275e        0x2 
 .text.HAL_DMA_Abort_IT
                0x08002760       0x8c ./Drivers/STM32F1xx_HAL_Driver/Src/stm32f1xx_hal_dma.o
                0x08002760                HAL_DMA_Abort_IT
 .text.HAL_DMA_GetState
                0x080027ec        0x6 ./Drivers/STM32F1xx_HAL_Driver/Src/stm32f1xx_hal_dma.o
                0x080027ec                HAL_DMA_GetState
 .text.HAL_DMA_GetError
                0x080027f2        0x4 ./Drivers/STM32F1xx_HAL_Driver/Src/stm32f1xx_hal_dma.o
                0x080027f2                HAL_DMA_GetError
 *fill*         0x080027f6        0x2 
 .text.HAL_GPIO_Init
                0x080027f8      0x1a8 ./Drivers/STM32F1xx_HAL_Driver/Src/stm32f1xx_hal_gpio.o
                0x080027f8                HAL_GPIO_Init
 .text.HAL_GPIO_ReadPin
                0x080029a0        0xc ./Drivers/STM32F1xx_HAL_Driver/Src/stm32f1xx_hal_gpio.o
                0x080029a0                HAL_GPIO_ReadPin
 .text.HAL_GPIO_WritePin
                0x080029ac        0xa ./Drivers/STM32F1xx_HAL_Driver/Src/stm32f1xx_hal_gpio.o
                0x080029ac                HAL_GPIO_WritePin
 .text.HAL_GPIO_TogglePin
                0x080029b6       0x12 ./Drivers/STM32F1xx_HAL_Driver/Src/stm32f1xx_hal_gpio.o
                0x080029b6                HAL_GPIO_TogglePin
 .text.I2C_IsAcknowledgeFailed
                0x080029c8       0x32 ./Drivers/STM32F1xx_HAL_Driver/Src/stm32f1xx_hal_i2c.o
 .text.I2C_WaitOnFlagUntilTimeout
                0x080029fa       0x80 ./Drivers/STM32F1xx_HAL_Driver/Src/stm32f1xx_hal_i2c.o
 .text.I2C_WaitOnMasterAddressFlagUntilTimeout
                0x08002a7a       0x84 ./Drivers/STM32F1xx_HAL_Driver/Src/stm32f1xx_hal_i2c.o
 .text.I2C_WaitOnTXEFlagUntilTimeout
                0x08002afe       0x54 ./Drivers/STM32F1xx_HAL_Driver/Src/stm32f1xx_hal_i2c.o
 .text.I2C_WaitOnBTFFlagUntilTimeout
                0x08002b52       0x54 ./Drivers/STM32F1xx_HAL_Driver/Src/stm32f1xx_hal_i2c.o
 .text.I2C_WaitOnRXNEFlagUntilTimeout
                0x08002ba6       0x66 ./Drivers/STM32F1xx_HAL_Driver/Src/stm32f1xx_hal_i2c.o
 .text.HAL_I2C_Init
                0x08002c0c      0x150 ./Drivers/STM32F1xx_HAL_Driver/Src/stm32f1xx_hal_i2c.o
                0x08002c0c                HAL_I2C_Init
 .text.HAL_I2C_Master_Transmit
                0x08002d5c      0x1b4 ./Drivers/STM32F1xx_HAL_Driver/Src/stm32f1xx_hal_i2c.o
                0x08002d5c                HAL_I2C_Master_Transmit
 .text.HAL_I2C_Master_Receive
                0x08002f10      0x358 ./Drivers/STM32F1xx_HAL_Driver/Src/stm32f1xx_hal_i2c.o
                0x08002f10                HAL_I2C_Master_Receive
 .text.HAL_I2C_MasterTxCpltCallback
                0x08003268        0x2 ./Drivers/STM32F1xx_HAL_Driver/Src/stm32f1xx_hal_i2c.o
                0x08003268                HAL_I2C_MasterTxCpltCallback
 .text.HAL_I2C_MasterRxCpltCallback
                0x0800326a        0x2 ./Drivers/STM32F1xx_HAL_Driver/Src/stm32f1xx_hal_i2c.o
                0x0800326a                HAL_I2C_MasterRxCpltCallback
 .text.HAL_I2C_SlaveTxCpltCallback
                0x0800326c        0x2 ./Drivers/STM32F1xx_HAL_Driver/Src/stm32f1xx_hal_i2c.o
                0x0800326c                HAL_I2C_SlaveTxCpltCallback
 .text.HAL_I2C_SlaveRxCpltCallback
                0x0800326e        0x2 ./Drivers/STM32F1xx_HAL_Driver/Src/stm32f1xx_hal_i2c.o
                0x0800326e                HAL_I2C_SlaveRxCpltCallback
 .text.HAL_I2C_AddrCallback
                0x08003270        0x2 ./Drivers/STM32F1xx_HAL_Driver/Src/stm32f1xx_hal_i2c.o
                0x08003270                HAL_I2C_AddrCallback
 .text.HAL_I2C_ListenCpltCallback
                0x08003272        0x2 ./Drivers/STM32F1xx_HAL_Driver/Src/stm32f1xx_hal_i2c.o
                0x08003272                HAL_I2C_ListenCpltCallback
 .text.HAL_I2C_MemTxCpltCallback
                0x08003274        0x2 ./Drivers/STM32F1xx_HAL_Driver/Src/stm32f1xx_hal_i2c.o
                0x08003274                HAL_I2C_MemTxCpltCallback
 .text.I2C_MemoryTransmit_TXE_BTF
                0x08003276       0xb0 ./Drivers/STM32F1xx_HAL_Driver/Src/stm32f1xx_hal_i2c.o
 .text.HAL_I2C_MemRxCpltCallback
                0x08003326        0x2 ./Drivers/STM32F1xx_HAL_Driver/Src/stm32f1xx_hal_i2c.o
                0x08003326                HAL_I2C_MemRxCpltCallback
 .text.HAL_I2C_ErrorCallback
                0x08003328        0x2 ./Drivers/STM32F1xx_HAL_Driver/Src/stm32f1xx_hal_i2c.o
                0x08003328                HAL_I2C_ErrorCallback
 .text.HAL_I2C_AbortCpltCallback
                0x0800332a        0x2 ./Drivers/STM32F1xx_HAL_Driver/Src/stm32f1xx_hal_i2c.o
                0x0800332a                HAL_I2C_AbortCpltCallback
 .text.I2C_DMAAbort
                0x0800332c       0xc0 ./Drivers/STM32F1xx_HAL_Driver/Src/stm32f1xx_hal_i2c.o
 .text.I2C_ITError
                0x080033ec      0x150 ./Drivers/STM32F1xx_HAL_Driver/Src/stm32f1xx_hal_i2c.o
 .text.HAL_I2C_EV_IRQHandler
                0x0800353c      0x8b0 ./Drivers/STM32F1xx_HAL_Driver/Src/stm32f1xx_hal_i2c.o
                0x0800353c                HAL_I2C_EV_IRQHandler
 .text.HAL_RCC_OscConfig
                0x08003dec      0x338 ./Drivers/STM32F1xx_HAL_Driver/Src/stm32f1xx_hal_rcc.o
                0x08003dec                HAL_RCC_OscConfig
 .text.HAL_RCC_GetSysClockFreq
                0x08004124       0x4c ./Drivers/STM32F1xx_HAL_Driver/Src/stm32f1xx_hal_rcc.o
                0x08004124                HAL_RCC_GetSysClockFreq
 .text.HAL_RCC_ClockConfig
                0x08004170      0x138 ./Drivers/STM32F1xx_HAL_Driver/Src/stm32f1xx_hal_rcc.o
                0x08004170                HAL_RCC_ClockConfig
 .text.HAL_RCC_GetPCLK1Freq
                0x080042a8       0x20 ./Drivers/STM32F1xx_HAL_Driver/Src/stm32f1xx_hal_rcc.o
                0x080042a8                HAL_RCC_GetPCLK1Freq
 .text.HAL_RCC_GetPCLK2Freq
                0x080042c8       0x20 ./Drivers/STM32F1xx_HAL_Driver/Src/stm32f1xx_hal_rcc.o
                0x080042c8                HAL_RCC_GetPCLK2Freq
 .text.UART_EndRxTransfer
                0x080042e8       0x5c ./Drivers/STM32F1xx_HAL_Driver/Src/stm32f1xx_hal_uart.o
 .text.UART_SetConfig
                0x08004344       0x74 ./Drivers/STM32F1xx_HAL_Driver/Src/stm32f1xx_hal_uart.o
 .text.UART_WaitOnFlagUntilTimeout.constprop.0
                0x080043b8       0x64 ./Drivers/STM32F1xx_HAL_Driver/Src/stm32f1xx_hal_uart.o
 .text.HAL_UART_Init
                0x0800441c       0x5e ./Drivers/STM32F1xx_HAL_Driver/Src/stm32f1xx_hal_uart.o
                0x0800441c                HAL_UART_Init
 .text.HAL_UART_Transmit
                0x0800447a       0x9c ./Drivers/STM32F1xx_HAL_Driver/Src/stm32f1xx_hal_uart.o
                0x0800447a                HAL_UART_Transmit
 .text.HAL_UART_Receive
                0x08004516       0xae ./Drivers/STM32F1xx_HAL_Driver/Src/stm32f1xx_hal_uart.o
                0x08004516                HAL_UART_Receive
 .text.HAL_UART_Abort
                0x080045c4       0xdc ./Drivers/STM32F1xx_HAL_Driver/Src/stm32f1xx_hal_uart.o
                0x080045c4                HAL_UART_Abort
 .text.HAL_UART_TxCpltCallback
                0x080046a0        0x2 ./Drivers/STM32F1xx_HAL_Driver/Src/stm32f1xx_hal_uart.o
                0x080046a0                HAL_UART_TxCpltCallback
 .text.UART_DMAAbortOnError
                0x080046a2       0x10 ./Drivers/STM32F1xx_HAL_Driver/Src/stm32f1xx_hal_uart.o
 .text.HAL_UART_AbortReceiveCpltCallback
                0x080046b2        0x2 ./Drivers/STM32F1xx_HAL_Driver/Src/stm32f1xx_hal_uart.o
                0x080046b2                HAL_UART_AbortReceiveCpltCallback
 .text.HAL_UART_AbortReceive_IT
                0x080046b4       0xb0 ./Drivers/STM32F1xx_HAL_Driver/Src/stm32f1xx_hal_uart.o
                0x080046b4                HAL_UART_AbortReceive_IT
 .text.UART_DMARxOnlyAbortCallback
                0x08004764       0x16 ./Drivers/STM32F1xx_HAL_Driver/Src/stm32f1xx_hal_uart.o
 .text.HAL_UARTEx_RxEventCallback
                0x0800477a        0x2 ./Drivers/STM32F1xx_HAL_Driver/Src/stm32f1xx_hal_uart.o
                0x0800477a                HAL_UARTEx_RxEventCallback
 .text.UART_Receive_IT.isra.0
                0x0800477c       0xb6 ./Drivers/STM32F1xx_HAL_Driver/Src/stm32f1xx_hal_uart.o
 *fill*         0x08004832        0x2 
 .text.HAL_UART_IRQHandler
                0x08004834      0x294 ./Drivers/STM32F1xx_HAL_Driver/Src/stm32f1xx_hal_uart.o
                0x08004834                HAL_UART_IRQHandler
 .text.UART_Start_Receive_IT
                0x08004ac8       0x32 ./Drivers/STM32F1xx_HAL_Driver/Src/stm32f1xx_hal_uart.o
                0x08004ac8                UART_Start_Receive_IT
 .text.HAL_UART_Receive_IT
                0x08004afa       0x22 ./Drivers/STM32F1xx_HAL_Driver/Src/stm32f1xx_hal_uart.o
                0x08004afa                HAL_UART_Receive_IT
 .text.osKernelStart
                0x08004b1c        0xa ./Middlewares/Third_Party/FreeRTOS/Source/CMSIS_RTOS/cmsis_os.o
                0x08004b1c                osKernelStart
 .text.osThreadCreate
                0x08004b26       0x50 ./Middlewares/Third_Party/FreeRTOS/Source/CMSIS_RTOS/cmsis_os.o
                0x08004b26                osThreadCreate
 .text.osDelay  0x08004b76       0x10 ./Middlewares/Third_Party/FreeRTOS/Source/CMSIS_RTOS/cmsis_os.o
                0x08004b76                osDelay
 .text.vListInitialise
                0x08004b86       0x16 ./Middlewares/Third_Party/FreeRTOS/Source/list.o
                0x08004b86                vListInitialise
 .text.vListInitialiseItem
                0x08004b9c        0x6 ./Middlewares/Third_Party/FreeRTOS/Source/list.o
                0x08004b9c                vListInitialiseItem
 .text.vListInsertEnd
                0x08004ba2       0x16 ./Middlewares/Third_Party/FreeRTOS/Source/list.o
                0x08004ba2                vListInsertEnd
 .text.vListInsert
                0x08004bb8       0x2e ./Middlewares/Third_Party/FreeRTOS/Source/list.o
                0x08004bb8                vListInsert
 .text.uxListRemove
                0x08004be6       0x20 ./Middlewares/Third_Party/FreeRTOS/Source/list.o
                0x08004be6                uxListRemove
 *fill*         0x08004c06        0x2 
 .text.prvAddNewTaskToReadyList
                0x08004c08       0xfc ./Middlewares/Third_Party/FreeRTOS/Source/tasks.o
 .text.prvAddCurrentTaskToDelayedList
                0x08004d04       0x88 ./Middlewares/Third_Party/FreeRTOS/Source/tasks.o
 .text.prvResetNextTaskUnblockTime
                0x08004d8c       0x24 ./Middlewares/Third_Party/FreeRTOS/Source/tasks.o
 .text.prvDeleteTCB
                0x08004db0       0x36 ./Middlewares/Third_Party/FreeRTOS/Source/tasks.o
 *fill*         0x08004de6        0x2 
 .text.prvIdleTask
                0x08004de8       0x60 ./Middlewares/Third_Party/FreeRTOS/Source/tasks.o
 .text.prvInitialiseNewTask.constprop.0
                0x08004e48       0x8e ./Middlewares/Third_Party/FreeRTOS/Source/tasks.o
 .text.xTaskCreateStatic
                0x08004ed6       0x70 ./Middlewares/Third_Party/FreeRTOS/Source/tasks.o
                0x08004ed6                xTaskCreateStatic
 .text.xTaskCreate
                0x08004f46       0x5c ./Middlewares/Third_Party/FreeRTOS/Source/tasks.o
                0x08004f46                xTaskCreate
 *fill*         0x08004fa2        0x2 
 .text.vTaskStartScheduler
                0x08004fa4       0x70 ./Middlewares/Third_Party/FreeRTOS/Source/tasks.o
                0x08004fa4                vTaskStartScheduler
 .text.vTaskSuspendAll
                0x08005014       0x10 ./Middlewares/Third_Party/FreeRTOS/Source/tasks.o
                0x08005014                vTaskSuspendAll
 .text.xTaskIncrementTick
                0x08005024      0x134 ./Middlewares/Third_Party/FreeRTOS/Source/tasks.o
                0x08005024                xTaskIncrementTick
 .text.xTaskResumeAll
                0x08005158       0xec ./Middlewares/Third_Party/FreeRTOS/Source/tasks.o
                0x08005158                xTaskResumeAll
 .text.vTaskDelay
                0x08005244       0x48 ./Middlewares/Third_Party/FreeRTOS/Source/tasks.o
                0x08005244                vTaskDelay
 .text.vTaskSwitchContext
                0x0800528c       0x74 ./Middlewares/Third_Party/FreeRTOS/Source/tasks.o
                0x0800528c                vTaskSwitchContext
 .text.xTaskGetSchedulerState
                0x08005300       0x20 ./Middlewares/Third_Party/FreeRTOS/Source/tasks.o
                0x08005300                xTaskGetSchedulerState
 .text.prvPortStartFirstTask
                0x08005320       0x20 ./Middlewares/Third_Party/FreeRTOS/Source/portable/GCC/ARM_CM3/port.o
 .text.prvTaskExitError
                0x08005340       0x40 ./Middlewares/Third_Party/FreeRTOS/Source/portable/GCC/ARM_CM3/port.o
 .text.pxPortInitialiseStack
                0x08005380       0x24 ./Middlewares/Third_Party/FreeRTOS/Source/portable/GCC/ARM_CM3/port.o
                0x08005380                pxPortInitialiseStack
 *fill*         0x080053a4        0xc 
 .text.SVC_Handler
                0x080053b0       0x24 ./Middlewares/Third_Party/FreeRTOS/Source/portable/GCC/ARM_CM3/port.o
                0x080053b0                SVC_Handler
 .text.vPortEnterCritical
                0x080053d4       0x40 ./Middlewares/Third_Party/FreeRTOS/Source/portable/GCC/ARM_CM3/port.o
                0x080053d4                vPortEnterCritical
 .text.vPortExitCritical
                0x08005414       0x28 ./Middlewares/Third_Party/FreeRTOS/Source/portable/GCC/ARM_CM3/port.o
                0x08005414                vPortExitCritical
 *fill*         0x0800543c        0x4 
 .text.PendSV_Handler
                0x08005440       0x44 ./Middlewares/Third_Party/FreeRTOS/Source/portable/GCC/ARM_CM3/port.o
                0x08005440                PendSV_Handler
 .text.xPortSysTickHandler
                0x08005484       0x2c ./Middlewares/Third_Party/FreeRTOS/Source/portable/GCC/ARM_CM3/port.o
                0x08005484                xPortSysTickHandler
 .text.vPortSetupTimerInterrupt
                0x080054b0       0x24 ./Middlewares/Third_Party/FreeRTOS/Source/portable/GCC/ARM_CM3/port.o
                0x080054b0                vPortSetupTimerInterrupt
 .text.xPortStartScheduler
                0x080054d4       0xb0 ./Middlewares/Third_Party/FreeRTOS/Source/portable/GCC/ARM_CM3/port.o
                0x080054d4                xPortStartScheduler
 .text.prvInsertBlockIntoFreeList
                0x08005584       0x4c ./Middlewares/Third_Party/FreeRTOS/Source/portable/MemMang/heap_4.o
 .text.pvPortMalloc
                0x080055d0      0x130 ./Middlewares/Third_Party/FreeRTOS/Source/portable/MemMang/heap_4.o
                0x080055d0                pvPortMalloc
 .text.vPortFree
                0x08005700       0x7c ./Middlewares/Third_Party/FreeRTOS/Source/portable/MemMang/heap_4.o
                0x08005700                vPortFree
 .text.memset   0x0800577c       0x10 E:/ST/STM32CubeIDE_1.19.0/STM32CubeIDE/plugins/com.st.stm32cube.ide.mcu.externaltools.gnu-tools-for-stm32.13.3.rel1.win32_1.0.0.202411081344/tools/bin/../lib/gcc/arm-none-eabi/13.3.1/../../../../arm-none-eabi/lib/thumb/v7-m/nofp\libc_nano.a(libc_a-memset.o)
                0x0800577c                memset
 .text.__libc_init_array
                0x0800578c       0x48 E:/ST/STM32CubeIDE_1.19.0/STM32CubeIDE/plugins/com.st.stm32cube.ide.mcu.externaltools.gnu-tools-for-stm32.13.3.rel1.win32_1.0.0.202411081344/tools/bin/../lib/gcc/arm-none-eabi/13.3.1/../../../../arm-none-eabi/lib/thumb/v7-m/nofp\libc_nano.a(libc_a-init.o)
                0x0800578c                __libc_init_array
 *(.glue_7)
 .glue_7        0x080057d4        0x0 linker stubs
 *(.glue_7t)
 .glue_7t       0x080057d4        0x0 linker stubs
 *(.eh_frame)
 .eh_frame      0x080057d4        0x0 E:/ST/STM32CubeIDE_1.19.0/STM32CubeIDE/plugins/com.st.stm32cube.ide.mcu.externaltools.gnu-tools-for-stm32.13.3.rel1.win32_1.0.0.202411081344/tools/bin/../lib/gcc/arm-none-eabi/13.3.1/thumb/v7-m/nofp/crtbegin.o
 *(.init)
 .init          0x080057d4        0x4 E:/ST/STM32CubeIDE_1.19.0/STM32CubeIDE/plugins/com.st.stm32cube.ide.mcu.externaltools.gnu-tools-for-stm32.13.3.rel1.win32_1.0.0.202411081344/tools/bin/../lib/gcc/arm-none-eabi/13.3.1/thumb/v7-m/nofp/crti.o
                0x080057d4                _init
 .init          0x080057d8        0x8 E:/ST/STM32CubeIDE_1.19.0/STM32CubeIDE/plugins/com.st.stm32cube.ide.mcu.externaltools.gnu-tools-for-stm32.13.3.rel1.win32_1.0.0.202411081344/tools/bin/../lib/gcc/arm-none-eabi/13.3.1/thumb/v7-m/nofp/crtn.o
 *(.fini)
 .fini          0x080057e0        0x4 E:/ST/STM32CubeIDE_1.19.0/STM32CubeIDE/plugins/com.st.stm32cube.ide.mcu.externaltools.gnu-tools-for-stm32.13.3.rel1.win32_1.0.0.202411081344/tools/bin/../lib/gcc/arm-none-eabi/13.3.1/thumb/v7-m/nofp/crti.o
                0x080057e0                _fini
 .fini          0x080057e4        0x8 E:/ST/STM32CubeIDE_1.19.0/STM32CubeIDE/plugins/com.st.stm32cube.ide.mcu.externaltools.gnu-tools-for-stm32.13.3.rel1.win32_1.0.0.202411081344/tools/bin/../lib/gcc/arm-none-eabi/13.3.1/thumb/v7-m/nofp/crtn.o
                0x080057ec                        . = ALIGN (0x4)
                0x080057ec                        _etext = .

.vfp11_veneer   0x080057ec        0x0
 .vfp11_veneer  0x080057ec        0x0 linker stubs

.v4_bx          0x080057ec        0x0
 .v4_bx         0x080057ec        0x0 linker stubs

.iplt           0x080057ec        0x0
 .iplt          0x080057ec        0x0 E:/ST/STM32CubeIDE_1.19.0/STM32CubeIDE/plugins/com.st.stm32cube.ide.mcu.externaltools.gnu-tools-for-stm32.13.3.rel1.win32_1.0.0.202411081344/tools/bin/../lib/gcc/arm-none-eabi/13.3.1/thumb/v7-m/nofp/crtbegin.o

.rodata         0x080057ec       0xc8
                0x080057ec                        . = ALIGN (0x4)
 *(.rodata)
 .rodata        0x080057ec       0x70 ./Core/Src/main.o
 *(.rodata*)
 .rodata.str1.1
                0x0800585c       0x2e ./Core/Src/main.o
                                 0x29 (size before relaxing)
 .rodata.APBPrescTable
                0x0800588a        0x8 ./Core/Src/system_stm32f1xx.o
                0x0800588a                APBPrescTable
 .rodata.AHBPrescTable
                0x08005892       0x10 ./Core/Src/system_stm32f1xx.o
                0x08005892                AHBPrescTable
 .rodata.aPredivFactorTable.0
                0x080058a2        0x2 ./Drivers/STM32F1xx_HAL_Driver/Src/stm32f1xx_hal_rcc.o
 .rodata.aPLLMULFactorTable.1
                0x080058a4       0x10 ./Drivers/STM32F1xx_HAL_Driver/Src/stm32f1xx_hal_rcc.o
 .rodata.vTaskStartScheduler.str1.1
                0x080058b4        0x5 ./Middlewares/Third_Party/FreeRTOS/Source/tasks.o
                0x080058bc                        . = ALIGN (0x4)

.ARM.extab      0x080058b4        0x0
                0x080058b4                        . = ALIGN (0x4)
 *(.ARM.extab* .gnu.linkonce.armextab.*)
                0x080058b4                        . = ALIGN (0x4)

.ARM            0x080058b4        0x0
                0x080058b4                        . = ALIGN (0x4)
                0x080058b4                        __exidx_start = .
 *(.ARM.exidx*)
                0x080058b4                        __exidx_end = .
                0x080058b4                        . = ALIGN (0x4)

.preinit_array  0x080058b4        0x0
                0x080058b4                        . = ALIGN (0x4)
                0x080058b4                        PROVIDE (__preinit_array_start = .)
 *(.preinit_array*)
                0x080058b4                        PROVIDE (__preinit_array_end = .)
                0x080058b4                        . = ALIGN (0x4)

.init_array     0x080058b4        0x4
                0x080058b4                        . = ALIGN (0x4)
                0x080058b4                        PROVIDE (__init_array_start = .)
 *(SORT_BY_NAME(.init_array.*))
 *(.init_array*)
 .init_array    0x080058b4        0x4 E:/ST/STM32CubeIDE_1.19.0/STM32CubeIDE/plugins/com.st.stm32cube.ide.mcu.externaltools.gnu-tools-for-stm32.13.3.rel1.win32_1.0.0.202411081344/tools/bin/../lib/gcc/arm-none-eabi/13.3.1/thumb/v7-m/nofp/crtbegin.o
                0x080058b8                        PROVIDE (__init_array_end = .)
                0x080058b8                        . = ALIGN (0x4)

.fini_array     0x080058b8        0x4
                0x080058b8                        . = ALIGN (0x4)
                [!provide]                        PROVIDE (__fini_array_start = .)
 *(SORT_BY_NAME(.fini_array.*))
 *(.fini_array*)
 .fini_array    0x080058b8        0x4 E:/ST/STM32CubeIDE_1.19.0/STM32CubeIDE/plugins/com.st.stm32cube.ide.mcu.externaltools.gnu-tools-for-stm32.13.3.rel1.win32_1.0.0.202411081344/tools/bin/../lib/gcc/arm-none-eabi/13.3.1/thumb/v7-m/nofp/crtbegin.o
                [!provide]                        PROVIDE (__fini_array_end = .)
                0x080058bc                        . = ALIGN (0x4)
                0x080058bc                        _sidata = LOADADDR (.data)

.rel.dyn        0x080058bc        0x0
 .rel.iplt      0x080058bc        0x0 E:/ST/STM32CubeIDE_1.19.0/STM32CubeIDE/plugins/com.st.stm32cube.ide.mcu.externaltools.gnu-tools-for-stm32.13.3.rel1.win32_1.0.0.202411081344/tools/bin/../lib/gcc/arm-none-eabi/13.3.1/thumb/v7-m/nofp/crtbegin.o

.data           0x20000000       0x1c load address 0x080058bc
                0x20000000                        . = ALIGN (0x4)
                0x20000000                        _sdata = .
 *(.data)
 *(.data*)
 .data.voltage_threshold
                0x20000000        0x4 ./Core/Src/main.o
                0x20000000                voltage_threshold
 .data.modbus_config
                0x20000004        0x5 ./Core/Src/modbus_rtu.o
                0x20000004                modbus_config
 *fill*         0x20000009        0x3 
 .data.SystemCoreClock
                0x2000000c        0x4 ./Core/Src/system_stm32f1xx.o
                0x2000000c                SystemCoreClock
 .data.uwTickFreq
                0x20000010        0x1 ./Drivers/STM32F1xx_HAL_Driver/Src/stm32f1xx_hal.o
                0x20000010                uwTickFreq
 *fill*         0x20000011        0x3 
 .data.uwTickPrio
                0x20000014        0x4 ./Drivers/STM32F1xx_HAL_Driver/Src/stm32f1xx_hal.o
                0x20000014                uwTickPrio
 .data.uxCriticalNesting
                0x20000018        0x4 ./Middlewares/Third_Party/FreeRTOS/Source/portable/GCC/ARM_CM3/port.o
 *(.RamFunc)
 *(.RamFunc*)
                0x2000001c                        . = ALIGN (0x4)
                0x2000001c                        _edata = .

.igot.plt       0x2000001c        0x0 load address 0x080058d8
 .igot.plt      0x2000001c        0x0 E:/ST/STM32CubeIDE_1.19.0/STM32CubeIDE/plugins/com.st.stm32cube.ide.mcu.externaltools.gnu-tools-for-stm32.13.3.rel1.win32_1.0.0.202411081344/tools/bin/../lib/gcc/arm-none-eabi/13.3.1/thumb/v7-m/nofp/crtbegin.o
                0x2000001c                        . = ALIGN (0x4)

.bss            0x20000020     0x3114 load address 0x080058d8
                0x20000020                        _sbss = .
                0x20000020                        __bss_start__ = _sbss
 *(.bss)
 .bss           0x20000020       0x1c E:/ST/STM32CubeIDE_1.19.0/STM32CubeIDE/plugins/com.st.stm32cube.ide.mcu.externaltools.gnu-tools-for-stm32.13.3.rel1.win32_1.0.0.202411081344/tools/bin/../lib/gcc/arm-none-eabi/13.3.1/thumb/v7-m/nofp/crtbegin.o
 *(.bss*)
 .bss.charge_control
                0x2000003c        0x8 ./Core/Src/charge_control.o
                0x2000003c                charge_control
 *fill*         0x20000044        0x4 
 .bss.bms_data  0x20000048       0xd8 ./Core/Src/daly_bms.o
                0x20000048                bms_data
 .bss._get_static_data
                0x20000120        0x1 ./Core/Src/daly_bms.o
                0x20000120                _get_static_data
 .bss._request_counter
                0x20000121        0x1 ./Core/Src/daly_bms.o
                0x20000121                _request_counter
 .bss._error_counter
                0x20000122        0x1 ./Core/Src/daly_bms.o
                0x20000122                _error_counter
 .bss._rx_frame_buffer
                0x20000123       0x34 ./Core/Src/daly_bms.o
                0x20000123                _rx_frame_buffer
 .bss._frame_buff
                0x20000157       0x34 ./Core/Src/daly_bms.o
                0x20000157                _frame_buff
 .bss._tx_buffer
                0x2000018b        0xd ./Core/Src/daly_bms.o
                0x2000018b                _tx_buffer
 .bss._bms_request_callback
                0x20000198        0x4 ./Core/Src/daly_bms.o
                0x20000198                _bms_request_callback
 .bss.bms_rx_error
                0x2000019c        0x1 ./Core/Src/daly_bms.o
 .bss.bms_rx_done
                0x2000019d        0x1 ./Core/Src/daly_bms.o
 *fill*         0x2000019e        0x2 
 .bss.xIdleStack
                0x200001a0      0x200 ./Core/Src/freertos.o
 .bss.xIdleTaskTCBBuffer
                0x200003a0       0x54 ./Core/Src/freertos.o
 .bss.relay_power_enabled
                0x200003f4        0x1 ./Core/Src/main.o
                0x200003f4                relay_power_enabled
 *fill*         0x200003f5        0x3 
 .bss.ina_3v3   0x200003f8       0x18 ./Core/Src/main.o
                0x200003f8                ina_3v3
 .bss.ina_5v    0x20000410       0x18 ./Core/Src/main.o
                0x20000410                ina_5v
 .bss.ina_12v   0x20000428       0x18 ./Core/Src/main.o
                0x20000428                ina_12v
 .bss.modbusTaskHandle
                0x20000440        0x4 ./Core/Src/main.o
                0x20000440                modbusTaskHandle
 .bss.sk60xTaskHandle
                0x20000444        0x4 ./Core/Src/main.o
                0x20000444                sk60xTaskHandle
 .bss.bmsTaskHandle
                0x20000448        0x4 ./Core/Src/main.o
                0x20000448                bmsTaskHandle
 .bss.defaultTaskHandle
                0x2000044c        0x4 ./Core/Src/main.o
                0x2000044c                defaultTaskHandle
 .bss.huart3    0x20000450       0x48 ./Core/Src/main.o
                0x20000450                huart3
 .bss.huart2    0x20000498       0x48 ./Core/Src/main.o
                0x20000498                huart2
 .bss.huart1    0x200004e0       0x48 ./Core/Src/main.o
                0x200004e0                huart1
 .bss.hi2c1     0x20000528       0x54 ./Core/Src/main.o
                0x20000528                hi2c1
 .bss.modbus_processing
                0x2000057c        0x1 ./Core/Src/modbus_rtu.o
                0x2000057c                modbus_processing
 *fill*         0x2000057d        0x3 
 .bss.modbus_rtu
                0x20000580      0x210 ./Core/Src/modbus_rtu.o
                0x20000580                modbus_rtu
 .bss._sk60_tx_buffer
                0x20000790        0x8 ./Core/Src/sk60x.o
                0x20000790                _sk60_tx_buffer
 .bss._sk60_rx_buffer
                0x20000798       0x2b ./Core/Src/sk60x.o
                0x20000798                _sk60_rx_buffer
 *fill*         0x200007c3        0x1 
 .bss.sk60x_data
                0x200007c4       0x1c ./Core/Src/sk60x.o
                0x200007c4                sk60x_data
 .bss.uwTick    0x200007e0        0x4 ./Drivers/STM32F1xx_HAL_Driver/Src/stm32f1xx_hal.o
                0x200007e0                uwTick
 .bss.uxSchedulerSuspended
                0x200007e4        0x4 ./Middlewares/Third_Party/FreeRTOS/Source/tasks.o
 .bss.xNextTaskUnblockTime
                0x200007e8        0x4 ./Middlewares/Third_Party/FreeRTOS/Source/tasks.o
 .bss.uxTaskNumber
                0x200007ec        0x4 ./Middlewares/Third_Party/FreeRTOS/Source/tasks.o
 .bss.xNumOfOverflows
                0x200007f0        0x4 ./Middlewares/Third_Party/FreeRTOS/Source/tasks.o
 .bss.xYieldPending
                0x200007f4        0x4 ./Middlewares/Third_Party/FreeRTOS/Source/tasks.o
 .bss.xPendedTicks
                0x200007f8        0x4 ./Middlewares/Third_Party/FreeRTOS/Source/tasks.o
 .bss.xSchedulerRunning
                0x200007fc        0x4 ./Middlewares/Third_Party/FreeRTOS/Source/tasks.o
 .bss.uxTopReadyPriority
                0x20000800        0x4 ./Middlewares/Third_Party/FreeRTOS/Source/tasks.o
 .bss.xTickCount
                0x20000804        0x4 ./Middlewares/Third_Party/FreeRTOS/Source/tasks.o
 .bss.uxCurrentNumberOfTasks
                0x20000808        0x4 ./Middlewares/Third_Party/FreeRTOS/Source/tasks.o
 .bss.xSuspendedTaskList
                0x2000080c       0x14 ./Middlewares/Third_Party/FreeRTOS/Source/tasks.o
 .bss.uxDeletedTasksWaitingCleanUp
                0x20000820        0x4 ./Middlewares/Third_Party/FreeRTOS/Source/tasks.o
 .bss.xTasksWaitingTermination
                0x20000824       0x14 ./Middlewares/Third_Party/FreeRTOS/Source/tasks.o
 .bss.xPendingReadyList
                0x20000838       0x14 ./Middlewares/Third_Party/FreeRTOS/Source/tasks.o
 .bss.pxOverflowDelayedTaskList
                0x2000084c        0x4 ./Middlewares/Third_Party/FreeRTOS/Source/tasks.o
 .bss.pxDelayedTaskList
                0x20000850        0x4 ./Middlewares/Third_Party/FreeRTOS/Source/tasks.o
 .bss.xDelayedTaskList2
                0x20000854       0x14 ./Middlewares/Third_Party/FreeRTOS/Source/tasks.o
 .bss.xDelayedTaskList1
                0x20000868       0x14 ./Middlewares/Third_Party/FreeRTOS/Source/tasks.o
 .bss.pxReadyTasksLists
                0x2000087c       0x8c ./Middlewares/Third_Party/FreeRTOS/Source/tasks.o
 .bss.pxCurrentTCB
                0x20000908        0x4 ./Middlewares/Third_Party/FreeRTOS/Source/tasks.o
                0x20000908                pxCurrentTCB
 .bss.ulMaxPRIGROUPValue
                0x2000090c        0x4 ./Middlewares/Third_Party/FreeRTOS/Source/portable/GCC/ARM_CM3/port.o
 .bss.ucMaxSysCallPriority
                0x20000910        0x1 ./Middlewares/Third_Party/FreeRTOS/Source/portable/GCC/ARM_CM3/port.o
 *fill*         0x20000911        0x3 
 .bss.xBlockAllocatedBit
                0x20000914        0x4 ./Middlewares/Third_Party/FreeRTOS/Source/portable/MemMang/heap_4.o
 .bss.xNumberOfSuccessfulFrees
                0x20000918        0x4 ./Middlewares/Third_Party/FreeRTOS/Source/portable/MemMang/heap_4.o
 .bss.xNumberOfSuccessfulAllocations
                0x2000091c        0x4 ./Middlewares/Third_Party/FreeRTOS/Source/portable/MemMang/heap_4.o
 .bss.xMinimumEverFreeBytesRemaining
                0x20000920        0x4 ./Middlewares/Third_Party/FreeRTOS/Source/portable/MemMang/heap_4.o
 .bss.xFreeBytesRemaining
                0x20000924        0x4 ./Middlewares/Third_Party/FreeRTOS/Source/portable/MemMang/heap_4.o
 .bss.pxEnd     0x20000928        0x4 ./Middlewares/Third_Party/FreeRTOS/Source/portable/MemMang/heap_4.o
 .bss.xStart    0x2000092c        0x8 ./Middlewares/Third_Party/FreeRTOS/Source/portable/MemMang/heap_4.o
 .bss.ucHeap    0x20000934     0x2800 ./Middlewares/Third_Party/FreeRTOS/Source/portable/MemMang/heap_4.o
 *(COMMON)
                0x20003134                        . = ALIGN (0x4)
                0x20003134                        _ebss = .
                0x20003134                        __bss_end__ = _ebss

._user_heap_stack
                0x20003134      0x604 load address 0x080058d8
                0x20003138                        . = ALIGN (0x8)
 *fill*         0x20003134        0x4 
                [!provide]                        PROVIDE (end = .)
                0x20003138                        PROVIDE (_end = .)
                0x20003338                        . = (. + _Min_Heap_Size)
 *fill*         0x20003138      0x200 
                0x20003738                        . = (. + _Min_Stack_Size)
 *fill*         0x20003338      0x400 
                0x20003738                        . = ALIGN (0x8)

/DISCARD/
 libc.a(*)
 libm.a(*)
 libgcc.a(*)

.ARM.attributes
                0x00000000       0x29
 *(.ARM.attributes)
 .ARM.attributes
                0x00000000       0x1d E:/ST/STM32CubeIDE_1.19.0/STM32CubeIDE/plugins/com.st.stm32cube.ide.mcu.externaltools.gnu-tools-for-stm32.13.3.rel1.win32_1.0.0.202411081344/tools/bin/../lib/gcc/arm-none-eabi/13.3.1/thumb/v7-m/nofp/crti.o
 .ARM.attributes
                0x0000001d       0x2d E:/ST/STM32CubeIDE_1.19.0/STM32CubeIDE/plugins/com.st.stm32cube.ide.mcu.externaltools.gnu-tools-for-stm32.13.3.rel1.win32_1.0.0.202411081344/tools/bin/../lib/gcc/arm-none-eabi/13.3.1/thumb/v7-m/nofp/crtbegin.o
 .ARM.attributes
                0x0000004a       0x2d ./Core/Src/charge_control.o
 .ARM.attributes
                0x00000077       0x2d ./Core/Src/daly_bms.o
 .ARM.attributes
                0x000000a4       0x2d ./Core/Src/freertos.o
 .ARM.attributes
                0x000000d1       0x2d ./Core/Src/ina219.o
 .ARM.attributes
                0x000000fe       0x2d ./Core/Src/main.o
 .ARM.attributes
                0x0000012b       0x2d ./Core/Src/modbus_rtu.o
 .ARM.attributes
                0x00000158       0x2d ./Core/Src/sk60x.o
 .ARM.attributes
                0x00000185       0x2d ./Core/Src/stm32f1xx_hal_msp.o
 .ARM.attributes
                0x000001b2       0x2d ./Core/Src/stm32f1xx_it.o
 .ARM.attributes
                0x000001df       0x2d ./Core/Src/system_stm32f1xx.o
 .ARM.attributes
                0x0000020c       0x21 ./Core/Startup/startup_stm32f103c8tx.o
 .ARM.attributes
                0x0000022d       0x2d ./Drivers/STM32F1xx_HAL_Driver/Src/stm32f1xx_hal.o
 .ARM.attributes
                0x0000025a       0x2d ./Drivers/STM32F1xx_HAL_Driver/Src/stm32f1xx_hal_cortex.o
 .ARM.attributes
                0x00000287       0x2d ./Drivers/STM32F1xx_HAL_Driver/Src/stm32f1xx_hal_dma.o
 .ARM.attributes
                0x000002b4       0x2d ./Drivers/STM32F1xx_HAL_Driver/Src/stm32f1xx_hal_gpio.o
 .ARM.attributes
                0x000002e1       0x2d ./Drivers/STM32F1xx_HAL_Driver/Src/stm32f1xx_hal_i2c.o
 .ARM.attributes
                0x0000030e       0x2d ./Drivers/STM32F1xx_HAL_Driver/Src/stm32f1xx_hal_rcc.o
 .ARM.attributes
                0x0000033b       0x2d ./Drivers/STM32F1xx_HAL_Driver/Src/stm32f1xx_hal_uart.o
 .ARM.attributes
                0x00000368       0x2d ./Middlewares/Third_Party/FreeRTOS/Source/CMSIS_RTOS/cmsis_os.o
 .ARM.attributes
                0x00000395       0x2d ./Middlewares/Third_Party/FreeRTOS/Source/list.o
 .ARM.attributes
                0x000003c2       0x2d ./Middlewares/Third_Party/FreeRTOS/Source/tasks.o
 .ARM.attributes
                0x000003ef       0x2d ./Middlewares/Third_Party/FreeRTOS/Source/portable/GCC/ARM_CM3/port.o
 .ARM.attributes
                0x0000041c       0x2d ./Middlewares/Third_Party/FreeRTOS/Source/portable/MemMang/heap_4.o
 .ARM.attributes
                0x00000449       0x2d E:/ST/STM32CubeIDE_1.19.0/STM32CubeIDE/plugins/com.st.stm32cube.ide.mcu.externaltools.gnu-tools-for-stm32.13.3.rel1.win32_1.0.0.202411081344/tools/bin/../lib/gcc/arm-none-eabi/13.3.1/../../../../arm-none-eabi/lib/thumb/v7-m/nofp\libc_nano.a(libc_a-memset.o)
 .ARM.attributes
                0x00000476       0x2d E:/ST/STM32CubeIDE_1.19.0/STM32CubeIDE/plugins/com.st.stm32cube.ide.mcu.externaltools.gnu-tools-for-stm32.13.3.rel1.win32_1.0.0.202411081344/tools/bin/../lib/gcc/arm-none-eabi/13.3.1/../../../../arm-none-eabi/lib/thumb/v7-m/nofp\libc_nano.a(libc_a-init.o)
 .ARM.attributes
                0x000004a3       0x1d E:/ST/STM32CubeIDE_1.19.0/STM32CubeIDE/plugins/com.st.stm32cube.ide.mcu.externaltools.gnu-tools-for-stm32.13.3.rel1.win32_1.0.0.202411081344/tools/bin/../lib/gcc/arm-none-eabi/13.3.1/thumb/v7-m/nofp\libgcc.a(_arm_addsubsf3.o)
 .ARM.attributes
                0x000004c0       0x1d E:/ST/STM32CubeIDE_1.19.0/STM32CubeIDE/plugins/com.st.stm32cube.ide.mcu.externaltools.gnu-tools-for-stm32.13.3.rel1.win32_1.0.0.202411081344/tools/bin/../lib/gcc/arm-none-eabi/13.3.1/thumb/v7-m/nofp\libgcc.a(_arm_muldivsf3.o)
 .ARM.attributes
                0x000004dd       0x1d E:/ST/STM32CubeIDE_1.19.0/STM32CubeIDE/plugins/com.st.stm32cube.ide.mcu.externaltools.gnu-tools-for-stm32.13.3.rel1.win32_1.0.0.202411081344/tools/bin/../lib/gcc/arm-none-eabi/13.3.1/thumb/v7-m/nofp\libgcc.a(_arm_cmpsf2.o)
 .ARM.attributes
                0x000004fa       0x1d E:/ST/STM32CubeIDE_1.19.0/STM32CubeIDE/plugins/com.st.stm32cube.ide.mcu.externaltools.gnu-tools-for-stm32.13.3.rel1.win32_1.0.0.202411081344/tools/bin/../lib/gcc/arm-none-eabi/13.3.1/thumb/v7-m/nofp\libgcc.a(_arm_fixunssfsi.o)
 .ARM.attributes
                0x00000517       0x1d E:/ST/STM32CubeIDE_1.19.0/STM32CubeIDE/plugins/com.st.stm32cube.ide.mcu.externaltools.gnu-tools-for-stm32.13.3.rel1.win32_1.0.0.202411081344/tools/bin/../lib/gcc/arm-none-eabi/13.3.1/thumb/v7-m/nofp/crtn.o
OUTPUT(power_management.elf elf32-littlearm)
LOAD linker stubs
LOAD E:/ST/STM32CubeIDE_1.19.0/STM32CubeIDE/plugins/com.st.stm32cube.ide.mcu.externaltools.gnu-tools-for-stm32.13.3.rel1.win32_1.0.0.202411081344/tools/bin/../lib/gcc/arm-none-eabi/13.3.1/../../../../arm-none-eabi/lib/thumb/v7-m/nofp\libc.a
LOAD E:/ST/STM32CubeIDE_1.19.0/STM32CubeIDE/plugins/com.st.stm32cube.ide.mcu.externaltools.gnu-tools-for-stm32.13.3.rel1.win32_1.0.0.202411081344/tools/bin/../lib/gcc/arm-none-eabi/13.3.1/../../../../arm-none-eabi/lib/thumb/v7-m/nofp\libm.a
LOAD E:/ST/STM32CubeIDE_1.19.0/STM32CubeIDE/plugins/com.st.stm32cube.ide.mcu.externaltools.gnu-tools-for-stm32.13.3.rel1.win32_1.0.0.202411081344/tools/bin/../lib/gcc/arm-none-eabi/13.3.1/thumb/v7-m/nofp\libgcc.a

.comment        0x00000000       0x43
 .comment       0x00000000       0x43 ./Core/Src/charge_control.o
                                 0x44 (size before relaxing)
 .comment       0x00000043       0x44 ./Core/Src/daly_bms.o
 .comment       0x00000043       0x44 ./Core/Src/freertos.o
 .comment       0x00000043       0x44 ./Core/Src/ina219.o
 .comment       0x00000043       0x44 ./Core/Src/main.o
 .comment       0x00000043       0x44 ./Core/Src/modbus_rtu.o
 .comment       0x00000043       0x44 ./Core/Src/sk60x.o
 .comment       0x00000043       0x44 ./Core/Src/stm32f1xx_hal_msp.o
 .comment       0x00000043       0x44 ./Core/Src/stm32f1xx_it.o
 .comment       0x00000043       0x44 ./Core/Src/system_stm32f1xx.o
 .comment       0x00000043       0x44 ./Drivers/STM32F1xx_HAL_Driver/Src/stm32f1xx_hal.o
 .comment       0x00000043       0x44 ./Drivers/STM32F1xx_HAL_Driver/Src/stm32f1xx_hal_cortex.o
 .comment       0x00000043       0x44 ./Drivers/STM32F1xx_HAL_Driver/Src/stm32f1xx_hal_dma.o
 .comment       0x00000043       0x44 ./Drivers/STM32F1xx_HAL_Driver/Src/stm32f1xx_hal_gpio.o
 .comment       0x00000043       0x44 ./Drivers/STM32F1xx_HAL_Driver/Src/stm32f1xx_hal_i2c.o
 .comment       0x00000043       0x44 ./Drivers/STM32F1xx_HAL_Driver/Src/stm32f1xx_hal_rcc.o
 .comment       0x00000043       0x44 ./Drivers/STM32F1xx_HAL_Driver/Src/stm32f1xx_hal_uart.o
 .comment       0x00000043       0x44 ./Middlewares/Third_Party/FreeRTOS/Source/CMSIS_RTOS/cmsis_os.o
 .comment       0x00000043       0x44 ./Middlewares/Third_Party/FreeRTOS/Source/list.o
 .comment       0x00000043       0x44 ./Middlewares/Third_Party/FreeRTOS/Source/tasks.o
 .comment       0x00000043       0x44 ./Middlewares/Third_Party/FreeRTOS/Source/portable/GCC/ARM_CM3/port.o
 .comment       0x00000043       0x44 ./Middlewares/Third_Party/FreeRTOS/Source/portable/MemMang/heap_4.o

.debug_frame    0x00000000      0x1bc
 .debug_frame   0x00000000       0x20 E:/ST/STM32CubeIDE_1.19.0/STM32CubeIDE/plugins/com.st.stm32cube.ide.mcu.externaltools.gnu-tools-for-stm32.13.3.rel1.win32_1.0.0.202411081344/tools/bin/../lib/gcc/arm-none-eabi/13.3.1/../../../../arm-none-eabi/lib/thumb/v7-m/nofp\libc_nano.a(libc_a-memset.o)
 .debug_frame   0x00000020       0x2c E:/ST/STM32CubeIDE_1.19.0/STM32CubeIDE/plugins/com.st.stm32cube.ide.mcu.externaltools.gnu-tools-for-stm32.13.3.rel1.win32_1.0.0.202411081344/tools/bin/../lib/gcc/arm-none-eabi/13.3.1/../../../../arm-none-eabi/lib/thumb/v7-m/nofp\libc_nano.a(libc_a-init.o)
 .debug_frame   0x0000004c       0x4c E:/ST/STM32CubeIDE_1.19.0/STM32CubeIDE/plugins/com.st.stm32cube.ide.mcu.externaltools.gnu-tools-for-stm32.13.3.rel1.win32_1.0.0.202411081344/tools/bin/../lib/gcc/arm-none-eabi/13.3.1/thumb/v7-m/nofp\libgcc.a(_arm_addsubsf3.o)
 .debug_frame   0x00000098       0x38 E:/ST/STM32CubeIDE_1.19.0/STM32CubeIDE/plugins/com.st.stm32cube.ide.mcu.externaltools.gnu-tools-for-stm32.13.3.rel1.win32_1.0.0.202411081344/tools/bin/../lib/gcc/arm-none-eabi/13.3.1/thumb/v7-m/nofp\libgcc.a(_arm_muldivsf3.o)
 .debug_frame   0x000000d0       0xc8 E:/ST/STM32CubeIDE_1.19.0/STM32CubeIDE/plugins/com.st.stm32cube.ide.mcu.externaltools.gnu-tools-for-stm32.13.3.rel1.win32_1.0.0.202411081344/tools/bin/../lib/gcc/arm-none-eabi/13.3.1/thumb/v7-m/nofp\libgcc.a(_arm_cmpsf2.o)
 .debug_frame   0x00000198       0x24 E:/ST/STM32CubeIDE_1.19.0/STM32CubeIDE/plugins/com.st.stm32cube.ide.mcu.externaltools.gnu-tools-for-stm32.13.3.rel1.win32_1.0.0.202411081344/tools/bin/../lib/gcc/arm-none-eabi/13.3.1/thumb/v7-m/nofp\libgcc.a(_arm_fixunssfsi.o)
