Archive member included to satisfy reference by file (symbol)

E:/ST/STM32CubeIDE_1.19.0/STM32CubeIDE/plugins/com.st.stm32cube.ide.mcu.externaltools.gnu-tools-for-stm32.13.3.rel1.win32_1.0.0.202411081344/tools/bin/../lib/gcc/arm-none-eabi/13.3.1/../../../../arm-none-eabi/lib/thumb/v7-m/nofp\libc_nano.a(libc_a-exit.o)
                              E:/ST/STM32CubeIDE_1.19.0/STM32CubeIDE/plugins/com.st.stm32cube.ide.mcu.externaltools.gnu-tools-for-stm32.13.3.rel1.win32_1.0.0.202411081344/tools/bin/../lib/gcc/arm-none-eabi/13.3.1/../../../../arm-none-eabi/lib/thumb/v7-m/nofp/crt0.o (exit)
E:/ST/STM32CubeIDE_1.19.0/STM32CubeIDE/plugins/com.st.stm32cube.ide.mcu.externaltools.gnu-tools-for-stm32.13.3.rel1.win32_1.0.0.202411081344/tools/bin/../lib/gcc/arm-none-eabi/13.3.1/../../../../arm-none-eabi/lib/thumb/v7-m/nofp\libc_nano.a(libc_a-findfp.o)
                              E:/ST/STM32CubeIDE_1.19.0/STM32CubeIDE/plugins/com.st.stm32cube.ide.mcu.externaltools.gnu-tools-for-stm32.13.3.rel1.win32_1.0.0.202411081344/tools/bin/../lib/gcc/arm-none-eabi/13.3.1/../../../../arm-none-eabi/lib/thumb/v7-m/nofp\libc_nano.a(libc_a-exit.o) (__stdio_exit_handler)
E:/ST/STM32CubeIDE_1.19.0/STM32CubeIDE/plugins/com.st.stm32cube.ide.mcu.externaltools.gnu-tools-for-stm32.13.3.rel1.win32_1.0.0.202411081344/tools/bin/../lib/gcc/arm-none-eabi/13.3.1/../../../../arm-none-eabi/lib/thumb/v7-m/nofp\libc_nano.a(libc_a-fwalk.o)
                              E:/ST/STM32CubeIDE_1.19.0/STM32CubeIDE/plugins/com.st.stm32cube.ide.mcu.externaltools.gnu-tools-for-stm32.13.3.rel1.win32_1.0.0.202411081344/tools/bin/../lib/gcc/arm-none-eabi/13.3.1/../../../../arm-none-eabi/lib/thumb/v7-m/nofp\libc_nano.a(libc_a-findfp.o) (_fwalk_sglue)
E:/ST/STM32CubeIDE_1.19.0/STM32CubeIDE/plugins/com.st.stm32cube.ide.mcu.externaltools.gnu-tools-for-stm32.13.3.rel1.win32_1.0.0.202411081344/tools/bin/../lib/gcc/arm-none-eabi/13.3.1/../../../../arm-none-eabi/lib/thumb/v7-m/nofp\libc_nano.a(libc_a-stdio.o)
                              E:/ST/STM32CubeIDE_1.19.0/STM32CubeIDE/plugins/com.st.stm32cube.ide.mcu.externaltools.gnu-tools-for-stm32.13.3.rel1.win32_1.0.0.202411081344/tools/bin/../lib/gcc/arm-none-eabi/13.3.1/../../../../arm-none-eabi/lib/thumb/v7-m/nofp\libc_nano.a(libc_a-findfp.o) (__sread)
E:/ST/STM32CubeIDE_1.19.0/STM32CubeIDE/plugins/com.st.stm32cube.ide.mcu.externaltools.gnu-tools-for-stm32.13.3.rel1.win32_1.0.0.202411081344/tools/bin/../lib/gcc/arm-none-eabi/13.3.1/../../../../arm-none-eabi/lib/thumb/v7-m/nofp\libc_nano.a(libc_a-memset.o)
                              E:/ST/STM32CubeIDE_1.19.0/STM32CubeIDE/plugins/com.st.stm32cube.ide.mcu.externaltools.gnu-tools-for-stm32.13.3.rel1.win32_1.0.0.202411081344/tools/bin/../lib/gcc/arm-none-eabi/13.3.1/../../../../arm-none-eabi/lib/thumb/v7-m/nofp/crt0.o (memset)
E:/ST/STM32CubeIDE_1.19.0/STM32CubeIDE/plugins/com.st.stm32cube.ide.mcu.externaltools.gnu-tools-for-stm32.13.3.rel1.win32_1.0.0.202411081344/tools/bin/../lib/gcc/arm-none-eabi/13.3.1/../../../../arm-none-eabi/lib/thumb/v7-m/nofp\libc_nano.a(libc_a-closer.o)
                              E:/ST/STM32CubeIDE_1.19.0/STM32CubeIDE/plugins/com.st.stm32cube.ide.mcu.externaltools.gnu-tools-for-stm32.13.3.rel1.win32_1.0.0.202411081344/tools/bin/../lib/gcc/arm-none-eabi/13.3.1/../../../../arm-none-eabi/lib/thumb/v7-m/nofp\libc_nano.a(libc_a-stdio.o) (_close_r)
E:/ST/STM32CubeIDE_1.19.0/STM32CubeIDE/plugins/com.st.stm32cube.ide.mcu.externaltools.gnu-tools-for-stm32.13.3.rel1.win32_1.0.0.202411081344/tools/bin/../lib/gcc/arm-none-eabi/13.3.1/../../../../arm-none-eabi/lib/thumb/v7-m/nofp\libc_nano.a(libc_a-reent.o)
                              E:/ST/STM32CubeIDE_1.19.0/STM32CubeIDE/plugins/com.st.stm32cube.ide.mcu.externaltools.gnu-tools-for-stm32.13.3.rel1.win32_1.0.0.202411081344/tools/bin/../lib/gcc/arm-none-eabi/13.3.1/../../../../arm-none-eabi/lib/thumb/v7-m/nofp\libc_nano.a(libc_a-closer.o) (errno)
E:/ST/STM32CubeIDE_1.19.0/STM32CubeIDE/plugins/com.st.stm32cube.ide.mcu.externaltools.gnu-tools-for-stm32.13.3.rel1.win32_1.0.0.202411081344/tools/bin/../lib/gcc/arm-none-eabi/13.3.1/../../../../arm-none-eabi/lib/thumb/v7-m/nofp\libc_nano.a(libc_a-impure.o)
                              E:/ST/STM32CubeIDE_1.19.0/STM32CubeIDE/plugins/com.st.stm32cube.ide.mcu.externaltools.gnu-tools-for-stm32.13.3.rel1.win32_1.0.0.202411081344/tools/bin/../lib/gcc/arm-none-eabi/13.3.1/../../../../arm-none-eabi/lib/thumb/v7-m/nofp\libc_nano.a(libc_a-reent.o) (_impure_ptr)
E:/ST/STM32CubeIDE_1.19.0/STM32CubeIDE/plugins/com.st.stm32cube.ide.mcu.externaltools.gnu-tools-for-stm32.13.3.rel1.win32_1.0.0.202411081344/tools/bin/../lib/gcc/arm-none-eabi/13.3.1/../../../../arm-none-eabi/lib/thumb/v7-m/nofp\libc_nano.a(libc_a-lseekr.o)
[...]
Memory Configuration

Name             Origin             Length             Attributes
RAM              0x20000000         0x00005000         xrw
FLASH            0x08000000         0x00010000         xr
*default*        0x00000000         0xffffffff

Linker script and memory map

LOAD E:/ST/STM32CubeIDE_1.19.0/STM32CubeIDE/plugins/com.st.stm32cube.ide.mcu.externaltools.gnu-tools-for-stm32.13.3.rel1.win32_1.0.0.202411081344/tools/bin/../lib/gcc/arm-none-eabi/13.3.1/thumb/v7-m/nofp/crti.o
LOAD E:/ST/STM32CubeIDE_1.19.0/STM32CubeIDE/plugins/com.st.stm32cube.ide.mcu.externaltools.gnu-tools-for-stm32.13.3.rel1.win32_1.0.0.202411081344/tools/bin/../lib/gcc/arm-none-eabi/13.3.1/thumb/v7-m/nofp/crtbegin.o
LOAD E:/ST/STM32CubeIDE_1.19.0/STM32CubeIDE/plugins/com.st.stm32cube.ide.mcu.externaltools.gnu-tools-for-stm32.13.3.rel1.win32_1.0.0.202411081344/tools/bin/../lib/gcc/arm-none-eabi/13.3.1/../../../../arm-none-eabi/lib/thumb/v7-m/nofp/crt0.o
LOAD ./Core/Src/charge_control.o
LOAD ./Core/Src/daly_bms.o
LOAD ./Core/Src/freertos.o
LOAD ./Core/Src/ina219.o
LOAD ./Core/Src/main.o
LOAD ./Core/Src/modbus_rtu.o
LOAD ./Core/Src/sk60x.o
LOAD ./Core/Src/stm32f1xx_hal_msp.o
LOAD ./Core/Src/stm32f1xx_it.o
LOAD ./Core/Src/syscalls.o
LOAD ./Core/Src/sysmem.o
LOAD ./Core/Src/system_stm32f1xx.o
LOAD ./Core/Startup/startup_stm32f103c8tx.o
LOAD ./Drivers/STM32F1xx_HAL_Driver/Src/stm32f1xx_hal.o
LOAD ./Drivers/STM32F1xx_HAL_Driver/Src/stm32f1xx_hal_cortex.o
LOAD ./Drivers/STM32F1xx_HAL_Driver/Src/stm32f1xx_hal_dma.o
LOAD ./Drivers/STM32F1xx_HAL_Driver/Src/stm32f1xx_hal_exti.o
LOAD ./Drivers/STM32F1xx_HAL_Driver/Src/stm32f1xx_hal_flash.o
LOAD ./Drivers/STM32F1xx_HAL_Driver/Src/stm32f1xx_hal_flash_ex.o
LOAD ./Drivers/STM32F1xx_HAL_Driver/Src/stm32f1xx_hal_gpio.o
LOAD ./Drivers/STM32F1xx_HAL_Driver/Src/stm32f1xx_hal_gpio_ex.o
LOAD ./Drivers/STM32F1xx_HAL_Driver/Src/stm32f1xx_hal_i2c.o
LOAD ./Drivers/STM32F1xx_HAL_Driver/Src/stm32f1xx_hal_pwr.o
LOAD ./Drivers/STM32F1xx_HAL_Driver/Src/stm32f1xx_hal_rcc.o
LOAD ./Drivers/STM32F1xx_HAL_Driver/Src/stm32f1xx_hal_rcc_ex.o
LOAD ./Drivers/STM32F1xx_HAL_Driver/Src/stm32f1xx_hal_uart.o
LOAD ./Middlewares/Third_Party/FreeRTOS/Source/CMSIS_RTOS/cmsis_os.o
LOAD ./Middlewares/Third_Party/FreeRTOS/Source/croutine.o
LOAD ./Middlewares/Third_Party/FreeRTOS/Source/event_groups.o
LOAD ./Middlewares/Third_Party/FreeRTOS/Source/list.o
LOAD ./Middlewares/Third_Party/FreeRTOS/Source/queue.o
LOAD ./Middlewares/Third_Party/FreeRTOS/Source/stream_buffer.o
LOAD ./Middlewares/Third_Party/FreeRTOS/Source/tasks.o
LOAD ./Middlewares/Third_Party/FreeRTOS/Source/timers.o
LOAD ./Middlewares/Third_Party/FreeRTOS/Source/portable/GCC/ARM_CM3/port.o
LOAD ./Middlewares/Third_Party/FreeRTOS/Source/portable/MemMang/heap_4.o
START GROUP
LOAD E:/ST/STM32CubeIDE_1.19.0/STM32CubeIDE/plugins/com.st.stm32cube.ide.mcu.externaltools.gnu-tools-for-stm32.13.3.rel1.win32_1.0.0.202411081344/tools/bin/../lib/gcc/arm-none-eabi/13.3.1/../../../../arm-none-eabi/lib/thumb/v7-m/nofp\libc_nano.a
LOAD E:/ST/STM32CubeIDE_1.19.0/STM32CubeIDE/plugins/com.st.stm32cube.ide.mcu.externaltools.gnu-tools-for-stm32.13.3.rel1.win32_1.0.0.202411081344/tools/bin/../lib/gcc/arm-none-eabi/13.3.1/../../../../arm-none-eabi/lib/thumb/v7-m/nofp\libm.a
END GROUP
START GROUP
LOAD E:/ST/STM32CubeIDE_1.19.0/STM32CubeIDE/plugins/com.st.stm32cube.ide.mcu.externaltools.gnu-tools-for-stm32.13.3.rel1.win32_1.0.0.202411081344/tools/bin/../lib/gcc/arm-none-eabi/13.3.1/thumb/v7-m/nofp\libgcc.a
LOAD E:/ST/STM32CubeIDE_1.19.0/STM32CubeIDE/plugins/com.st.stm32cube.ide.mcu.externaltools.gnu-tools-for-stm32.13.3.rel1.win32_1.0.0.202411081344/tools/bin/../lib/gcc/arm-none-eabi/13.3.1/../../../../arm-none-eabi/lib/thumb/v7-m/nofp\libc_nano.a
END GROUP
START GROUP
LOAD E:/ST/STM32CubeIDE_1.19.0/STM32CubeIDE/plugins/com.st.stm32cube.ide.mcu.externaltools.gnu-tools-for-stm32.13.3.rel1.win32_1.0.0.202411081344/tools/bin/../lib/gcc/arm-none-eabi/13.3.1/thumb/v7-m/nofp\libgcc.a
LOAD E:/ST/STM32CubeIDE_1.19.0/STM32CubeIDE/plugins/com.st.stm32cube.ide.mcu.externaltools.gnu-tools-for-stm32.13.3.rel1.win32_1.0.0.202411081344/tools/bin/../lib/gcc/arm-none-eabi/13.3.1/../../../../arm-none-eabi/lib/thumb/v7-m/nofp\libc_nano.a
LOAD E:/ST/STM32CubeIDE_1.19.0/STM32CubeIDE/plugins/com.st.stm32cube.ide.mcu.externaltools.gnu-tools-for-stm32.13.3.rel1.win32_1.0.0.202411081344/tools/bin/../lib/gcc/arm-none-eabi/13.3.1/../../../../arm-none-eabi/lib/thumb/v7-m/nofp\libnosys.a
END GROUP
START GROUP
LOAD E:/ST/STM32CubeIDE_1.19.0/STM32CubeIDE/plugins/com.st.stm32cube.ide.mcu.externaltools.gnu-tools-for-stm32.13.3.rel1.win32_1.0.0.202411081344/tools/bin/../lib/gcc/arm-none-eabi/13.3.1/thumb/v7-m/nofp\libgcc.a
LOAD E:/ST/STM32CubeIDE_1.19.0/STM32CubeIDE/plugins/com.st.stm32cube.ide.mcu.externaltools.gnu-tools-for-stm32.13.3.rel1.win32_1.0.0.202411081344/tools/bin/../lib/gcc/arm-none-eabi/13.3.1/../../../../arm-none-eabi/lib/thumb/v7-m/nofp\libc_nano.a
LOAD E:/ST/STM32CubeIDE_1.19.0/STM32CubeIDE/plugins/com.st.stm32cube.ide.mcu.externaltools.gnu-tools-for-stm32.13.3.rel1.win32_1.0.0.202411081344/tools/bin/../lib/gcc/arm-none-eabi/13.3.1/../../../../arm-none-eabi/lib/thumb/v7-m/nofp\libnosys.a
END GROUP
LOAD E:/ST/STM32CubeIDE_1.19.0/STM32CubeIDE/plugins/com.st.stm32cube.ide.mcu.externaltools.gnu-tools-for-stm32.13.3.rel1.win32_1.0.0.202411081344/tools/bin/../lib/gcc/arm-none-eabi/13.3.1/thumb/v7-m/nofp/crtend.o
LOAD E:/ST/STM32CubeIDE_1.19.0/STM32CubeIDE/plugins/com.st.stm32cube.ide.mcu.externaltools.gnu-tools-for-stm32.13.3.rel1.win32_1.0.0.202411081344/tools/bin/../lib/gcc/arm-none-eabi/13.3.1/thumb/v7-m/nofp/crtn.o
                0x20005000                        _estack = (ORIGIN (RAM) + LENGTH (RAM))
                0x00000200                        _Min_Heap_Size = 0x200
                0x00000400                        _Min_Stack_Size = 0x400

.isr_vector     0x08000000      0x10c
                0x08000000                        . = ALIGN (0x4)
 *(.isr_vector)
 .isr_vector    0x08000000      0x10c ./Core/Startup/startup_stm32f103c8tx.o
                0x08000000                g_pfnVectors
                0x0800010c                        . = ALIGN (0x4)

.text           0x08000110     0x55ec
                0x08000110                        . = ALIGN (0x4)
 *(.text)
 .text          0x08000110       0x40 E:/ST/STM32CubeIDE_1.19.0/STM32CubeIDE/plugins/com.st.stm32cube.ide.mcu.externaltools.gnu-tools-for-stm32.13.3.rel1.win32_1.0.0.202411081344/tools/bin/../lib/gcc/arm-none-eabi/13.3.1/thumb/v7-m/nofp/crtbegin.o
 .text          0x08000150      0x21c E:/ST/STM32CubeIDE_1.19.0/STM32CubeIDE/plugins/com.st.stm32cube.ide.mcu.externaltools.gnu-tools-for-stm32.13.3.rel1.win32_1.0.0.202411081344/tools/bin/../lib/gcc/arm-none-eabi/13.3.1/thumb/v7-m/nofp\libgcc.a(_arm_addsubsf3.o)
                0x08000150                __aeabi_frsub
                0x08000158                __subsf3
                0x08000158                __aeabi_fsub
                0x0800015c                __aeabi_fadd
                0x0800015c                __addsf3
                0x080002bc                __aeabi_ui2f
                0x080002bc                __floatunsisf
                0x080002c4                __aeabi_i2f
                0x080002c4                __floatsisf
                0x080002e0                __aeabi_ul2f
                0x080002e0                __floatundisf
                0x080002f0                __aeabi_l2f
                0x080002f0                __floatdisf
 .text          0x0800036c      0x2a0 E:/ST/STM32CubeIDE_1.19.0/STM32CubeIDE/plugins/com.st.stm32cube.ide.mcu.externaltools.gnu-tools-for-stm32.13.3.rel1.win32_1.0.0.202411081344/tools/bin/../lib/gcc/arm-none-eabi/13.3.1/thumb/v7-m/nofp\libgcc.a(_arm_muldivsf3.o)
                0x0800036c                __mulsf3
                0x0800036c                __aeabi_fmul
                0x080004d4                __aeabi_fdiv
                0x080004d4                __divsf3
 .text          0x0800060c       0xec E:/ST/STM32CubeIDE_1.19.0/STM32CubeIDE/plugins/com.st.stm32cube.ide.mcu.externaltools.gnu-tools-for-stm32.13.3.rel1.win32_1.0.0.202411081344/tools/bin/../lib/gcc/arm-none-eabi/13.3.1/thumb/v7-m/nofp\libgcc.a(_arm_cmpsf2.o)
                0x0800060c                __gesf2
                0x0800060c                __gtsf2
                0x08000614                __lesf2
                0x08000614                __ltsf2
                0x0800061c                __nesf2
                0x0800061c                __eqsf2
                0x0800061c                __cmpsf2
                0x0800067c                __aeabi_cfrcmple
                0x08000684                __aeabi_cfcmpeq
                0x08000684                __aeabi_cfcmple
                0x08000694                __aeabi_fcmpeq
                0x080006a8                __aeabi_fcmplt
                0x080006bc                __aeabi_fcmple
                0x080006d0                __aeabi_fcmpge
                0x080006e4                __aeabi_fcmpgt
 .text          0x080006f8       0x40 E:/ST/STM32CubeIDE_1.19.0/STM32CubeIDE/plugins/com.st.stm32cube.ide.mcu.externaltools.gnu-tools-for-stm32.13.3.rel1.win32_1.0.0.202411081344/tools/bin/../lib/gcc/arm-none-eabi/13.3.1/thumb/v7-m/nofp\libgcc.a(_arm_fixunssfsi.o)
                0x080006f8                __fixunssfsi
                0x080006f8                __aeabi_f2uiz
 *(.text*)
 .text.ChargeControl_CheckSK60XConditions
                0x08000738       0x28 ./Core/Src/charge_control.o
                0x08000738                ChargeControl_CheckSK60XConditions
 .text.ChargeControl_SetChargeRelay
                0x08000760       0x20 ./Core/Src/charge_control.o
                0x08000760                ChargeControl_SetChargeRelay
 .text.ChargeControl_HandleRequest
                0x08000780       0x18 ./Core/Src/charge_control.o
                0x08000780                ChargeControl_HandleRequest
 .text.ChargeControl_GetChargeStateForModbus
                0x08000798       0x10 ./Core/Src/charge_control.o
                0x08000798                ChargeControl_GetChargeStateForModbus
 .text.ChargeControl_Process
                0x080007a8       0x78 ./Core/Src/charge_control.o
                0x080007a8                ChargeControl_Process
 .text.DalyBMS_Request
                0x08000820       0x54 ./Core/Src/daly_bms.o
                0x08000820                DalyBMS_Request
 .text.DalyBMS_Recive
                0x08000874       0x84 ./Core/Src/daly_bms.o
                0x08000874                DalyBMS_Recive
 .text.DalyBMS_Get_Pack_Data
                0x080008f8       0x7c ./Core/Src/daly_bms.o
                0x080008f8                DalyBMS_Get_Pack_Data
 .text.DalyBMS_Get_Min_Max_Cell_Voltage
                0x08000974       0x40 ./Core/Src/daly_bms.o
                0x08000974                DalyBMS_Get_Min_Max_Cell_Voltage
 .text.DalyBMS_Get_Pack_Temperature
                0x080009b4       0x38 ./Core/Src/daly_bms.o
                0x080009b4                DalyBMS_Get_Pack_Temperature
 .text.DalyBMS_Get_Charge_Discharge_Status
                0x080009ec       0x58 ./Core/Src/daly_bms.o
                0x080009ec                DalyBMS_Get_Charge_Discharge_Status
 .text.DalyBMS_Get_Status_Info
                0x08000a44       0x50 ./Core/Src/daly_bms.o
                0x08000a44                DalyBMS_Get_Status_Info
 .text.DalyBMS_Get_Cell_Voltages
                0x08000a94       0xac ./Core/Src/daly_bms.o
                0x08000a94                DalyBMS_Get_Cell_Voltages
 .text.DalyBMS_Get_Cell_Temperatures
                0x08000b40       0x4c ./Core/Src/daly_bms.o
                0x08000b40                DalyBMS_Get_Cell_Temperatures
 .text.DalyBMS_Get_Cell_Balance_State
                0x08000b8c       0x88 ./Core/Src/daly_bms.o
                0x08000b8c                DalyBMS_Get_Cell_Balance_State
 .text.DalyBMS_Get_Failure_Codes
                0x08000c14      0x358 ./Core/Src/daly_bms.o
                0x08000c14                DalyBMS_Get_Failure_Codes
 .text.DalyBMS_Get_Voltage_Thresholds
                0x08000f6c       0x40 ./Core/Src/daly_bms.o
                0x08000f6c                DalyBMS_Get_Voltage_Thresholds
 .text.DalyBMS_Get_Pack_Thresholds
                0x08000fac       0x40 ./Core/Src/daly_bms.o
                0x08000fac                DalyBMS_Get_Pack_Thresholds
 .text.DalyBMS_On_Request_Done
                0x08000fec        0x2 ./Core/Src/daly_bms.o
                0x08000fec                DalyBMS_On_Request_Done
 *fill*         0x08000fee        0x2 
 .text.DalyBMS_Clear_Data
                0x08000ff0       0x10 ./Core/Src/daly_bms.o
                0x08000ff0                DalyBMS_Clear_Data
 .text.DalyBMS_Clear_Get
                0x08001000        0xc ./Core/Src/daly_bms.o
                0x08001000                DalyBMS_Clear_Get
 .text.DalyBMS_Set_Callback
                0x0800100c        0xc ./Core/Src/daly_bms.o
                0x0800100c                DalyBMS_Set_Callback
 .text.vApplicationGetIdleTaskMemory
                0x08001018       0x18 ./Core/Src/freertos.o
                0x08001018                vApplicationGetIdleTaskMemory
 .text.INA219_ReadRegister
                0x08001030       0x3c ./Core/Src/ina219.o
 .text.INA219_WriteRegister.isra.0
                0x0800106c       0x26 ./Core/Src/ina219.o
 *fill*         0x08001092        0x2 
 .text.INA219_Init
                0x08001094       0x60 ./Core/Src/ina219.o
                0x08001094                INA219_Init
 .text.INA219_Read_Bus_Voltage
                0x080010f4       0x38 ./Core/Src/ina219.o
                0x080010f4                INA219_Read_Bus_Voltage
 .text.INA219_Read_Current
                0x0800112c       0x34 ./Core/Src/ina219.o
                0x0800112c                INA219_Read_Current
 .text.INA219_Read_Power
                0x08001160       0x34 ./Core/Src/ina219.o
                0x08001160                INA219_Read_Power
 .text.StartDefaultTask
                0x08001194       0x98 ./Core/Src/main.o
                0x08001194                StartDefaultTask
 .text.StartBMSTask
                0x0800122c      0x12c ./Core/Src/main.o
                0x0800122c                StartBMSTask
 .text.StartSK60xTask
                0x08001358        0xe ./Core/Src/main.o
                0x08001358                StartSK60xTask
 *fill*         0x08001366        0x2 
 .text.StartModbusTask
                0x08001368       0x34 ./Core/Src/main.o
                0x08001368                StartModbusTask
 .text.SystemClock_Config
                0x0800139c       0x5e ./Core/Src/main.o
                0x0800139c                SystemClock_Config
 *fill*         0x080013fa        0x2 
 .text.startup.main
                0x080013fc      0x284 ./Core/Src/main.o
                0x080013fc                main
 .text.HAL_UART_RxCpltCallback
                0x08001680       0x14 ./Core/Src/main.o
                0x08001680                HAL_UART_RxCpltCallback
 .text.HAL_UART_ErrorCallback
                0x08001694       0x3c ./Core/Src/main.o
                0x08001694                HAL_UART_ErrorCallback
 .text.ModbusRTU_Init
                0x080016d0       0x6c ./Core/Src/modbus_rtu.o
                0x080016d0                ModbusRTU_Init
 .text.ModbusRTU_CalculateCRC
                0x0800173c       0x34 ./Core/Src/modbus_rtu.o
                0x0800173c                ModbusRTU_CalculateCRC
 .text.ModbusRTU_CheckCRC
                0x08001770       0x2c ./Core/Src/modbus_rtu.o
                0x08001770                ModbusRTU_CheckCRC
 .text.ModbusRTU_SendResponse
                0x0800179c       0x8c ./Core/Src/modbus_rtu.o
                0x0800179c                ModbusRTU_SendResponse
 .text.ModbusRTU_SendException
                0x08001828       0x24 ./Core/Src/modbus_rtu.o
                0x08001828                ModbusRTU_SendException
 .text.ModbusRTU_ReadRegister
                0x0800184c      0x404 ./Core/Src/modbus_rtu.o
                0x0800184c                ModbusRTU_ReadRegister
 .text.ModbusRTU_WriteRegister
                0x08001c50       0xe0 ./Core/Src/modbus_rtu.o
                0x08001c50                ModbusRTU_WriteRegister
 .text.ModbusRTU_ReadHoldingRegisters
                0x08001d30       0x8c ./Core/Src/modbus_rtu.o
                0x08001d30                ModbusRTU_ReadHoldingRegisters
 .text.ModbusRTU_WriteSingleRegister
                0x08001dbc       0x46 ./Core/Src/modbus_rtu.o
                0x08001dbc                ModbusRTU_WriteSingleRegister
 *fill*         0x08001e02        0x2 
 .text.ModbusRTU_WriteMultipleRegisters
                0x08001e04       0xb4 ./Core/Src/modbus_rtu.o
                0x08001e04                ModbusRTU_WriteMultipleRegisters
 .text.ModbusRTU_ProcessFrame
                0x08001eb8       0xa4 ./Core/Src/modbus_rtu.o
                0x08001eb8                ModbusRTU_ProcessFrame
 .text.ModbusRTU_RxCpltCallback
                0x08001f5c       0x50 ./Core/Src/modbus_rtu.o
                0x08001f5c                ModbusRTU_RxCpltCallback
 .text.ModbusRTU_Reset
                0x08001fac       0x34 ./Core/Src/modbus_rtu.o
                0x08001fac                ModbusRTU_Reset
 .text.ModbusRTU_ErrorCallback
                0x08001fe0       0x28 ./Core/Src/modbus_rtu.o
                0x08001fe0                ModbusRTU_ErrorCallback
 .text.ModbusRTU_Process
                0x08002008       0x78 ./Core/Src/modbus_rtu.o
                0x08002008                ModbusRTU_Process
 .text.Calculate_CRC.constprop.0
                0x08002080       0x34 ./Core/Src/sk60x.o
 .text.SK60X_Send_Command
                0x080020b4       0x40 ./Core/Src/sk60x.o
 .text.SK60X_Read_Data
                0x080020f4       0xc0 ./Core/Src/sk60x.o
                0x080020f4                SK60X_Read_Data
 .text.SK60X_Set_On_Off
                0x080021b4       0x10 ./Core/Src/sk60x.o
                0x080021b4                SK60X_Set_On_Off
 .text.SK60X_Set_Lock
                0x080021c4       0x10 ./Core/Src/sk60x.o
                0x080021c4                SK60X_Set_Lock
 .text.SK60X_Set_Voltage
                0x080021d4       0x1a ./Core/Src/sk60x.o
                0x080021d4                SK60X_Set_Voltage
 .text.SK60X_Set_Current
                0x080021ee       0x12 ./Core/Src/sk60x.o
                0x080021ee                SK60X_Set_Current
 .text.HAL_MspInit
                0x08002200       0x50 ./Core/Src/stm32f1xx_hal_msp.o
                0x08002200                HAL_MspInit
 .text.HAL_I2C_MspInit
                0x08002250       0x74 ./Core/Src/stm32f1xx_hal_msp.o
                0x08002250                HAL_I2C_MspInit
 .text.HAL_UART_MspInit
                0x080022c4      0x158 ./Core/Src/stm32f1xx_hal_msp.o
                0x080022c4                HAL_UART_MspInit
 .text.NMI_Handler
                0x0800241c        0x2 ./Core/Src/stm32f1xx_it.o
                0x0800241c                NMI_Handler
 .text.HardFault_Handler
                0x0800241e        0x2 ./Core/Src/stm32f1xx_it.o
                0x0800241e                HardFault_Handler
 .text.MemManage_Handler
                0x08002420        0x2 ./Core/Src/stm32f1xx_it.o
                0x08002420                MemManage_Handler
 .text.BusFault_Handler
                0x08002422        0x2 ./Core/Src/stm32f1xx_it.o
                0x08002422                BusFault_Handler
 .text.UsageFault_Handler
                0x08002424        0x2 ./Core/Src/stm32f1xx_it.o
                0x08002424                UsageFault_Handler
 .text.DebugMon_Handler
                0x08002426        0x2 ./Core/Src/stm32f1xx_it.o
                0x08002426                DebugMon_Handler
 .text.SysTick_Handler
                0x08002428       0x18 ./Core/Src/stm32f1xx_it.o
                0x08002428                SysTick_Handler
 .text.I2C1_EV_IRQHandler
                0x08002440        0xc ./Core/Src/stm32f1xx_it.o
                0x08002440                I2C1_EV_IRQHandler
 .text.USART1_IRQHandler
                0x0800244c        0xc ./Core/Src/stm32f1xx_it.o
                0x0800244c                USART1_IRQHandler
 .text.USART2_IRQHandler
                0x08002458        0xc ./Core/Src/stm32f1xx_it.o
                0x08002458                USART2_IRQHandler
 .text.USART3_IRQHandler
                0x08002464        0xc ./Core/Src/stm32f1xx_it.o
                0x08002464                USART3_IRQHandler
 .text.SystemInit
                0x08002470        0x2 ./Core/Src/system_stm32f1xx.o
                0x08002470                SystemInit
 *fill*         0x08002472        0x2 
 .text.Reset_Handler
                0x08002474       0x48 ./Core/Startup/startup_stm32f103c8tx.o
                0x08002474                Reset_Handler
 .text.Default_Handler
                0x080024bc        0x2 ./Core/Startup/startup_stm32f103c8tx.o
                0x080024bc                RTC_Alarm_IRQHandler
                0x080024bc                EXTI2_IRQHandler
                0x080024bc                TIM1_CC_IRQHandler
                0x080024bc                PVD_IRQHandler
                0x080024bc                EXTI3_IRQHandler
                0x080024bc                EXTI0_IRQHandler
                0x080024bc                I2C2_EV_IRQHandler
                0x080024bc                ADC1_2_IRQHandler
                0x080024bc                SPI1_IRQHandler
                0x080024bc                TAMPER_IRQHandler
                0x080024bc                DMA1_Channel4_IRQHandler
                0x080024bc                RTC_IRQHandler
                0x080024bc                DMA1_Channel7_IRQHandler
                0x080024bc                CAN1_RX1_IRQHandler
                0x080024bc                TIM4_IRQHandler
                0x080024bc                DMA1_Channel6_IRQHandler
                0x080024bc                TIM3_IRQHandler
                0x080024bc                RCC_IRQHandler
                0x080024bc                TIM1_TRG_COM_IRQHandler
                0x080024bc                DMA1_Channel1_IRQHandler
                0x080024bc                Default_Handler
                0x080024bc                EXTI15_10_IRQHandler
                0x080024bc                EXTI9_5_IRQHandler
                0x080024bc                SPI2_IRQHandler
                0x080024bc                DMA1_Channel5_IRQHandler
                0x080024bc                EXTI4_IRQHandler
                0x080024bc                USB_LP_CAN1_RX0_IRQHandler
                0x080024bc                USB_HP_CAN1_TX_IRQHandler
                0x080024bc                DMA1_Channel3_IRQHandler
                0x080024bc                TIM1_UP_IRQHandler
                0x080024bc                WWDG_IRQHandler
                0x080024bc                TIM2_IRQHandler
                0x080024bc                TIM1_BRK_IRQHandler
                0x080024bc                EXTI1_IRQHandler
                0x080024bc                I2C2_ER_IRQHandler
                0x080024bc                DMA1_Channel2_IRQHandler
                0x080024bc                CAN1_SCE_IRQHandler
                0x080024bc                FLASH_IRQHandler
                0x080024bc                I2C1_ER_IRQHandler
                0x080024bc                USBWakeUp_IRQHandler
 *fill*         0x080024be        0x2 
 .text.HAL_InitTick
                0x080024c0       0x48 ./Drivers/STM32F1xx_HAL_Driver/Src/stm32f1xx_hal.o
                0x080024c0                HAL_InitTick
 .text.HAL_Init
                0x08002508       0x24 ./Drivers/STM32F1xx_HAL_Driver/Src/stm32f1xx_hal.o
                0x08002508                HAL_Init
 .text.HAL_IncTick
                0x0800252c       0x18 ./Drivers/STM32F1xx_HAL_Driver/Src/stm32f1xx_hal.o
                0x0800252c                HAL_IncTick
 .text.HAL_GetTick
                0x08002544        0xc ./Drivers/STM32F1xx_HAL_Driver/Src/stm32f1xx_hal.o
                0x08002544                HAL_GetTick
 .text.HAL_Delay
                0x08002550       0x24 ./Drivers/STM32F1xx_HAL_Driver/Src/stm32f1xx_hal.o
                0x08002550                HAL_Delay
 .text.HAL_NVIC_SetPriorityGrouping
                0x08002574       0x24 ./Drivers/STM32F1xx_HAL_Driver/Src/stm32f1xx_hal_cortex.o
                0x08002574                HAL_NVIC_SetPriorityGrouping
 .text.HAL_NVIC_SetPriority
                0x08002598       0x60 ./Drivers/STM32F1xx_HAL_Driver/Src/stm32f1xx_hal_cortex.o
                0x08002598                HAL_NVIC_SetPriority
 .text.HAL_NVIC_EnableIRQ
                0x080025f8       0x1c ./Drivers/STM32F1xx_HAL_Driver/Src/stm32f1xx_hal_cortex.o
                0x080025f8                HAL_NVIC_EnableIRQ
 .text.HAL_SYSTICK_Config
                0x08002614       0x28 ./Drivers/STM32F1xx_HAL_Driver/Src/stm32f1xx_hal_cortex.o
                0x08002614                HAL_SYSTICK_Config
 .text.HAL_DMA_Abort
                0x0800263c       0x3e ./Drivers/STM32F1xx_HAL_Driver/Src/stm32f1xx_hal_dma.o
                0x0800263c                HAL_DMA_Abort
 *fill*         0x0800267a        0x2 
 .text.HAL_DMA_Abort_IT
                0x0800267c       0x8c ./Drivers/STM32F1xx_HAL_Driver/Src/stm32f1xx_hal_dma.o
                0x0800267c                HAL_DMA_Abort_IT
 .text.HAL_DMA_GetState
                0x08002708        0x6 ./Drivers/STM32F1xx_HAL_Driver/Src/stm32f1xx_hal_dma.o
                0x08002708                HAL_DMA_GetState
 .text.HAL_DMA_GetError
                0x0800270e        0x4 ./Drivers/STM32F1xx_HAL_Driver/Src/stm32f1xx_hal_dma.o
                0x0800270e                HAL_DMA_GetError
 *fill*         0x08002712        0x2 
 .text.HAL_GPIO_Init
                0x08002714      0x1a8 ./Drivers/STM32F1xx_HAL_Driver/Src/stm32f1xx_hal_gpio.o
                0x08002714                HAL_GPIO_Init
 .text.HAL_GPIO_ReadPin
                0x080028bc        0xc ./Drivers/STM32F1xx_HAL_Driver/Src/stm32f1xx_hal_gpio.o
                0x080028bc                HAL_GPIO_ReadPin
 .text.HAL_GPIO_WritePin
                0x080028c8        0xa ./Drivers/STM32F1xx_HAL_Driver/Src/stm32f1xx_hal_gpio.o
                0x080028c8                HAL_GPIO_WritePin
 .text.HAL_GPIO_TogglePin
                0x080028d2       0x12 ./Drivers/STM32F1xx_HAL_Driver/Src/stm32f1xx_hal_gpio.o
                0x080028d2                HAL_GPIO_TogglePin
 .text.I2C_IsAcknowledgeFailed
                0x080028e4       0x32 ./Drivers/STM32F1xx_HAL_Driver/Src/stm32f1xx_hal_i2c.o
 .text.I2C_WaitOnFlagUntilTimeout
                0x08002916       0x80 ./Drivers/STM32F1xx_HAL_Driver/Src/stm32f1xx_hal_i2c.o
 .text.I2C_WaitOnMasterAddressFlagUntilTimeout
                0x08002996       0x84 ./Drivers/STM32F1xx_HAL_Driver/Src/stm32f1xx_hal_i2c.o
 .text.I2C_WaitOnTXEFlagUntilTimeout
                0x08002a1a       0x54 ./Drivers/STM32F1xx_HAL_Driver/Src/stm32f1xx_hal_i2c.o
 .text.I2C_WaitOnBTFFlagUntilTimeout
                0x08002a6e       0x54 ./Drivers/STM32F1xx_HAL_Driver/Src/stm32f1xx_hal_i2c.o
 .text.I2C_WaitOnRXNEFlagUntilTimeout
                0x08002ac2       0x66 ./Drivers/STM32F1xx_HAL_Driver/Src/stm32f1xx_hal_i2c.o
 .text.HAL_I2C_Init
                0x08002b28      0x150 ./Drivers/STM32F1xx_HAL_Driver/Src/stm32f1xx_hal_i2c.o
                0x08002b28                HAL_I2C_Init
 .text.HAL_I2C_Master_Transmit
                0x08002c78      0x1b4 ./Drivers/STM32F1xx_HAL_Driver/Src/stm32f1xx_hal_i2c.o
                0x08002c78                HAL_I2C_Master_Transmit
 .text.HAL_I2C_Master_Receive
                0x08002e2c      0x358 ./Drivers/STM32F1xx_HAL_Driver/Src/stm32f1xx_hal_i2c.o
                0x08002e2c                HAL_I2C_Master_Receive
 .text.HAL_I2C_MasterTxCpltCallback
                0x08003184        0x2 ./Drivers/STM32F1xx_HAL_Driver/Src/stm32f1xx_hal_i2c.o
                0x08003184                HAL_I2C_MasterTxCpltCallback
 .text.HAL_I2C_MasterRxCpltCallback
                0x08003186        0x2 ./Drivers/STM32F1xx_HAL_Driver/Src/stm32f1xx_hal_i2c.o
                0x08003186                HAL_I2C_MasterRxCpltCallback
 .text.HAL_I2C_SlaveTxCpltCallback
                0x08003188        0x2 ./Drivers/STM32F1xx_HAL_Driver/Src/stm32f1xx_hal_i2c.o
                0x08003188                HAL_I2C_SlaveTxCpltCallback
 .text.HAL_I2C_SlaveRxCpltCallback
                0x0800318a        0x2 ./Drivers/STM32F1xx_HAL_Driver/Src/stm32f1xx_hal_i2c.o
                0x0800318a                HAL_I2C_SlaveRxCpltCallback
 .text.HAL_I2C_AddrCallback
                0x0800318c        0x2 ./Drivers/STM32F1xx_HAL_Driver/Src/stm32f1xx_hal_i2c.o
                0x0800318c                HAL_I2C_AddrCallback
 .text.HAL_I2C_ListenCpltCallback
                0x0800318e        0x2 ./Drivers/STM32F1xx_HAL_Driver/Src/stm32f1xx_hal_i2c.o
                0x0800318e                HAL_I2C_ListenCpltCallback
 .text.HAL_I2C_MemTxCpltCallback
                0x08003190        0x2 ./Drivers/STM32F1xx_HAL_Driver/Src/stm32f1xx_hal_i2c.o
                0x08003190                HAL_I2C_MemTxCpltCallback
 .text.I2C_MemoryTransmit_TXE_BTF
                0x08003192       0xb0 ./Drivers/STM32F1xx_HAL_Driver/Src/stm32f1xx_hal_i2c.o
 .text.HAL_I2C_MemRxCpltCallback
                0x08003242        0x2 ./Drivers/STM32F1xx_HAL_Driver/Src/stm32f1xx_hal_i2c.o
                0x08003242                HAL_I2C_MemRxCpltCallback
 .text.HAL_I2C_ErrorCallback
                0x08003244        0x2 ./Drivers/STM32F1xx_HAL_Driver/Src/stm32f1xx_hal_i2c.o
                0x08003244                HAL_I2C_ErrorCallback
 .text.HAL_I2C_AbortCpltCallback
                0x08003246        0x2 ./Drivers/STM32F1xx_HAL_Driver/Src/stm32f1xx_hal_i2c.o
                0x08003246                HAL_I2C_AbortCpltCallback
 .text.I2C_DMAAbort
                0x08003248       0xc0 ./Drivers/STM32F1xx_HAL_Driver/Src/stm32f1xx_hal_i2c.o
 .text.I2C_ITError
                0x08003308      0x150 ./Drivers/STM32F1xx_HAL_Driver/Src/stm32f1xx_hal_i2c.o
 .text.HAL_I2C_EV_IRQHandler
                0x08003458      0x8b0 ./Drivers/STM32F1xx_HAL_Driver/Src/stm32f1xx_hal_i2c.o
                0x08003458                HAL_I2C_EV_IRQHandler
 .text.HAL_RCC_OscConfig
                0x08003d08      0x338 ./Drivers/STM32F1xx_HAL_Driver/Src/stm32f1xx_hal_rcc.o
                0x08003d08                HAL_RCC_OscConfig
 .text.HAL_RCC_GetSysClockFreq
                0x08004040       0x4c ./Drivers/STM32F1xx_HAL_Driver/Src/stm32f1xx_hal_rcc.o
                0x08004040                HAL_RCC_GetSysClockFreq
 .text.HAL_RCC_ClockConfig
                0x0800408c      0x138 ./Drivers/STM32F1xx_HAL_Driver/Src/stm32f1xx_hal_rcc.o
                0x0800408c                HAL_RCC_ClockConfig
 .text.HAL_RCC_GetPCLK1Freq
                0x080041c4       0x20 ./Drivers/STM32F1xx_HAL_Driver/Src/stm32f1xx_hal_rcc.o
                0x080041c4                HAL_RCC_GetPCLK1Freq
 .text.HAL_RCC_GetPCLK2Freq
                0x080041e4       0x20 ./Drivers/STM32F1xx_HAL_Driver/Src/stm32f1xx_hal_rcc.o
                0x080041e4                HAL_RCC_GetPCLK2Freq
 .text.UART_EndRxTransfer
                0x08004204       0x5c ./Drivers/STM32F1xx_HAL_Driver/Src/stm32f1xx_hal_uart.o
 .text.UART_SetConfig
                0x08004260       0x74 ./Drivers/STM32F1xx_HAL_Driver/Src/stm32f1xx_hal_uart.o
 .text.UART_WaitOnFlagUntilTimeout.constprop.0
                0x080042d4       0x64 ./Drivers/STM32F1xx_HAL_Driver/Src/stm32f1xx_hal_uart.o
 .text.HAL_UART_Init
                0x08004338       0x5e ./Drivers/STM32F1xx_HAL_Driver/Src/stm32f1xx_hal_uart.o
                0x08004338                HAL_UART_Init
 .text.HAL_UART_Transmit
                0x08004396       0x9c ./Drivers/STM32F1xx_HAL_Driver/Src/stm32f1xx_hal_uart.o
                0x08004396                HAL_UART_Transmit
 .text.HAL_UART_Receive
                0x08004432       0xae ./Drivers/STM32F1xx_HAL_Driver/Src/stm32f1xx_hal_uart.o
                0x08004432                HAL_UART_Receive
 .text.HAL_UART_Abort
                0x080044e0       0xdc ./Drivers/STM32F1xx_HAL_Driver/Src/stm32f1xx_hal_uart.o
                0x080044e0                HAL_UART_Abort
 .text.HAL_UART_TxCpltCallback
                0x080045bc        0x2 ./Drivers/STM32F1xx_HAL_Driver/Src/stm32f1xx_hal_uart.o
                0x080045bc                HAL_UART_TxCpltCallback
 .text.UART_DMAAbortOnError
                0x080045be       0x10 ./Drivers/STM32F1xx_HAL_Driver/Src/stm32f1xx_hal_uart.o
 .text.HAL_UART_AbortReceiveCpltCallback
                0x080045ce        0x2 ./Drivers/STM32F1xx_HAL_Driver/Src/stm32f1xx_hal_uart.o
                0x080045ce                HAL_UART_AbortReceiveCpltCallback
 .text.HAL_UART_AbortReceive_IT
                0x080045d0       0xb0 ./Drivers/STM32F1xx_HAL_Driver/Src/stm32f1xx_hal_uart.o
                0x080045d0                HAL_UART_AbortReceive_IT
 .text.UART_DMARxOnlyAbortCallback
                0x08004680       0x16 ./Drivers/STM32F1xx_HAL_Driver/Src/stm32f1xx_hal_uart.o
 .text.HAL_UARTEx_RxEventCallback
                0x08004696        0x2 ./Drivers/STM32F1xx_HAL_Driver/Src/stm32f1xx_hal_uart.o
                0x08004696                HAL_UARTEx_RxEventCallback
 .text.UART_Receive_IT.isra.0
                0x08004698       0xb6 ./Drivers/STM32F1xx_HAL_Driver/Src/stm32f1xx_hal_uart.o
 *fill*         0x0800474e        0x2 
 .text.HAL_UART_IRQHandler
                0x08004750      0x294 ./Drivers/STM32F1xx_HAL_Driver/Src/stm32f1xx_hal_uart.o
                0x08004750                HAL_UART_IRQHandler
 .text.UART_Start_Receive_IT
                0x080049e4       0x32 ./Drivers/STM32F1xx_HAL_Driver/Src/stm32f1xx_hal_uart.o
                0x080049e4                UART_Start_Receive_IT
 .text.HAL_UART_Receive_IT
                0x08004a16       0x22 ./Drivers/STM32F1xx_HAL_Driver/Src/stm32f1xx_hal_uart.o
                0x08004a16                HAL_UART_Receive_IT
 .text.osKernelStart
                0x08004a38        0xa ./Middlewares/Third_Party/FreeRTOS/Source/CMSIS_RTOS/cmsis_os.o
                0x08004a38                osKernelStart
 .text.osThreadCreate
                0x08004a42       0x50 ./Middlewares/Third_Party/FreeRTOS/Source/CMSIS_RTOS/cmsis_os.o
                0x08004a42                osThreadCreate
 .text.osDelay  0x08004a92       0x10 ./Middlewares/Third_Party/FreeRTOS/Source/CMSIS_RTOS/cmsis_os.o
                0x08004a92                osDelay
 .text.vListInitialise
                0x08004aa2       0x16 ./Middlewares/Third_Party/FreeRTOS/Source/list.o
                0x08004aa2                vListInitialise
 .text.vListInitialiseItem
                0x08004ab8        0x6 ./Middlewares/Third_Party/FreeRTOS/Source/list.o
                0x08004ab8                vListInitialiseItem
 .text.vListInsertEnd
                0x08004abe       0x16 ./Middlewares/Third_Party/FreeRTOS/Source/list.o
                0x08004abe                vListInsertEnd
 .text.vListInsert
                0x08004ad4       0x2e ./Middlewares/Third_Party/FreeRTOS/Source/list.o
                0x08004ad4                vListInsert
 .text.uxListRemove
                0x08004b02       0x20 ./Middlewares/Third_Party/FreeRTOS/Source/list.o
                0x08004b02                uxListRemove
 *fill*         0x08004b22        0x2 
 .text.prvAddNewTaskToReadyList
                0x08004b24       0xfc ./Middlewares/Third_Party/FreeRTOS/Source/tasks.o
 .text.prvAddCurrentTaskToDelayedList
                0x08004c20       0x88 ./Middlewares/Third_Party/FreeRTOS/Source/tasks.o
 .text.prvResetNextTaskUnblockTime
                0x08004ca8       0x24 ./Middlewares/Third_Party/FreeRTOS/Source/tasks.o
 .text.prvDeleteTCB
                0x08004ccc       0x36 ./Middlewares/Third_Party/FreeRTOS/Source/tasks.o
 *fill*         0x08004d02        0x2 
 .text.prvIdleTask
                0x08004d04       0x60 ./Middlewares/Third_Party/FreeRTOS/Source/tasks.o
 .text.prvInitialiseNewTask.constprop.0
                0x08004d64       0x8e ./Middlewares/Third_Party/FreeRTOS/Source/tasks.o
 .text.xTaskCreateStatic
                0x08004df2       0x70 ./Middlewares/Third_Party/FreeRTOS/Source/tasks.o
                0x08004df2                xTaskCreateStatic
 .text.xTaskCreate
                0x08004e62       0x5c ./Middlewares/Third_Party/FreeRTOS/Source/tasks.o
                0x08004e62                xTaskCreate
 *fill*         0x08004ebe        0x2 
 .text.vTaskStartScheduler
                0x08004ec0       0x70 ./Middlewares/Third_Party/FreeRTOS/Source/tasks.o
                0x08004ec0                vTaskStartScheduler
 .text.vTaskSuspendAll
                0x08004f30       0x10 ./Middlewares/Third_Party/FreeRTOS/Source/tasks.o
                0x08004f30                vTaskSuspendAll
 .text.xTaskIncrementTick
                0x08004f40      0x134 ./Middlewares/Third_Party/FreeRTOS/Source/tasks.o
                0x08004f40                xTaskIncrementTick
 .text.xTaskResumeAll
                0x08005074       0xec ./Middlewares/Third_Party/FreeRTOS/Source/tasks.o
                0x08005074                xTaskResumeAll
 .text.vTaskDelay
                0x08005160       0x48 ./Middlewares/Third_Party/FreeRTOS/Source/tasks.o
                0x08005160                vTaskDelay
 .text.vTaskSwitchContext
                0x080051a8       0x74 ./Middlewares/Third_Party/FreeRTOS/Source/tasks.o
                0x080051a8                vTaskSwitchContext
 .text.xTaskGetSchedulerState
                0x0800521c       0x20 ./Middlewares/Third_Party/FreeRTOS/Source/tasks.o
                0x0800521c                xTaskGetSchedulerState
 .text.prvPortStartFirstTask
                0x0800523c       0x20 ./Middlewares/Third_Party/FreeRTOS/Source/portable/GCC/ARM_CM3/port.o
 .text.prvTaskExitError
                0x0800525c       0x40 ./Middlewares/Third_Party/FreeRTOS/Source/portable/GCC/ARM_CM3/port.o
 .text.pxPortInitialiseStack
                0x0800529c       0x24 ./Middlewares/Third_Party/FreeRTOS/Source/portable/GCC/ARM_CM3/port.o
                0x0800529c                pxPortInitialiseStack
 .text.SVC_Handler
                0x080052c0       0x24 ./Middlewares/Third_Party/FreeRTOS/Source/portable/GCC/ARM_CM3/port.o
                0x080052c0                SVC_Handler
 .text.vPortEnterCritical
                0x080052e4       0x40 ./Middlewares/Third_Party/FreeRTOS/Source/portable/GCC/ARM_CM3/port.o
                0x080052e4                vPortEnterCritical
 .text.vPortExitCritical
                0x08005324       0x28 ./Middlewares/Third_Party/FreeRTOS/Source/portable/GCC/ARM_CM3/port.o
                0x08005324                vPortExitCritical
 *fill*         0x0800534c        0x4 
 .text.PendSV_Handler
                0x08005350       0x44 ./Middlewares/Third_Party/FreeRTOS/Source/portable/GCC/ARM_CM3/port.o
                0x08005350                PendSV_Handler
 .text.xPortSysTickHandler
                0x08005394       0x2c ./Middlewares/Third_Party/FreeRTOS/Source/portable/GCC/ARM_CM3/port.o
                0x08005394                xPortSysTickHandler
 .text.vPortSetupTimerInterrupt
                0x080053c0       0x24 ./Middlewares/Third_Party/FreeRTOS/Source/portable/GCC/ARM_CM3/port.o
                0x080053c0                vPortSetupTimerInterrupt
 .text.xPortStartScheduler
                0x080053e4       0xb0 ./Middlewares/Third_Party/FreeRTOS/Source/portable/GCC/ARM_CM3/port.o
                0x080053e4                xPortStartScheduler
 .text.prvInsertBlockIntoFreeList
                0x08005494       0x4c ./Middlewares/Third_Party/FreeRTOS/Source/portable/MemMang/heap_4.o
 .text.pvPortMalloc
                0x080054e0      0x130 ./Middlewares/Third_Party/FreeRTOS/Source/portable/MemMang/heap_4.o
                0x080054e0                pvPortMalloc
 .text.vPortFree
                0x08005610       0x7c ./Middlewares/Third_Party/FreeRTOS/Source/portable/MemMang/heap_4.o
                0x08005610                vPortFree
 .text.memset   0x0800568c       0x10 E:/ST/STM32CubeIDE_1.19.0/STM32CubeIDE/plugins/com.st.stm32cube.ide.mcu.externaltools.gnu-tools-for-stm32.13.3.rel1.win32_1.0.0.202411081344/tools/bin/../lib/gcc/arm-none-eabi/13.3.1/../../../../arm-none-eabi/lib/thumb/v7-m/nofp\libc_nano.a(libc_a-memset.o)
                0x0800568c                memset
 .text.__libc_init_array
                0x0800569c       0x48 E:/ST/STM32CubeIDE_1.19.0/STM32CubeIDE/plugins/com.st.stm32cube.ide.mcu.externaltools.gnu-tools-for-stm32.13.3.rel1.win32_1.0.0.202411081344/tools/bin/../lib/gcc/arm-none-eabi/13.3.1/../../../../arm-none-eabi/lib/thumb/v7-m/nofp\libc_nano.a(libc_a-init.o)
                0x0800569c                __libc_init_array
 *(.glue_7)
 .glue_7        0x080056e4        0x0 linker stubs
 *(.glue_7t)
 .glue_7t       0x080056e4        0x0 linker stubs
 *(.eh_frame)
 .eh_frame      0x080056e4        0x0 E:/ST/STM32CubeIDE_1.19.0/STM32CubeIDE/plugins/com.st.stm32cube.ide.mcu.externaltools.gnu-tools-for-stm32.13.3.rel1.win32_1.0.0.202411081344/tools/bin/../lib/gcc/arm-none-eabi/13.3.1/thumb/v7-m/nofp/crtbegin.o
 *(.init)
 .init          0x080056e4        0x4 E:/ST/STM32CubeIDE_1.19.0/STM32CubeIDE/plugins/com.st.stm32cube.ide.mcu.externaltools.gnu-tools-for-stm32.13.3.rel1.win32_1.0.0.202411081344/tools/bin/../lib/gcc/arm-none-eabi/13.3.1/thumb/v7-m/nofp/crti.o
                0x080056e4                _init
 .init          0x080056e8        0x8 E:/ST/STM32CubeIDE_1.19.0/STM32CubeIDE/plugins/com.st.stm32cube.ide.mcu.externaltools.gnu-tools-for-stm32.13.3.rel1.win32_1.0.0.202411081344/tools/bin/../lib/gcc/arm-none-eabi/13.3.1/thumb/v7-m/nofp/crtn.o
 *(.fini)
 .fini          0x080056f0        0x4 E:/ST/STM32CubeIDE_1.19.0/STM32CubeIDE/plugins/com.st.stm32cube.ide.mcu.externaltools.gnu-tools-for-stm32.13.3.rel1.win32_1.0.0.202411081344/tools/bin/../lib/gcc/arm-none-eabi/13.3.1/thumb/v7-m/nofp/crti.o
                0x080056f0                _fini
 .fini          0x080056f4        0x8 E:/ST/STM32CubeIDE_1.19.0/STM32CubeIDE/plugins/com.st.stm32cube.ide.mcu.externaltools.gnu-tools-for-stm32.13.3.rel1.win32_1.0.0.202411081344/tools/bin/../lib/gcc/arm-none-eabi/13.3.1/thumb/v7-m/nofp/crtn.o
                0x080056fc                        . = ALIGN (0x4)
                0x080056fc                        _etext = .

.vfp11_veneer   0x080056fc        0x0
 .vfp11_veneer  0x080056fc        0x0 linker stubs

.v4_bx          0x080056fc        0x0
 .v4_bx         0x080056fc        0x0 linker stubs

.iplt           0x080056fc        0x0
 .iplt          0x080056fc        0x0 E:/ST/STM32CubeIDE_1.19.0/STM32CubeIDE/plugins/com.st.stm32cube.ide.mcu.externaltools.gnu-tools-for-stm32.13.3.rel1.win32_1.0.0.202411081344/tools/bin/../lib/gcc/arm-none-eabi/13.3.1/thumb/v7-m/nofp/crtbegin.o

.rodata         0x080056fc       0xc8
                0x080056fc                        . = ALIGN (0x4)
 *(.rodata)
 .rodata        0x080056fc       0x70 ./Core/Src/main.o
 *(.rodata*)
 .rodata.str1.1
                0x0800576c       0x2e ./Core/Src/main.o
                                 0x29 (size before relaxing)
 .rodata.APBPrescTable
                0x0800579a        0x8 ./Core/Src/system_stm32f1xx.o
                0x0800579a                APBPrescTable
 .rodata.AHBPrescTable
                0x080057a2       0x10 ./Core/Src/system_stm32f1xx.o
                0x080057a2                AHBPrescTable
 .rodata.aPredivFactorTable.0
                0x080057b2        0x2 ./Drivers/STM32F1xx_HAL_Driver/Src/stm32f1xx_hal_rcc.o
 .rodata.aPLLMULFactorTable.1
                0x080057b4       0x10 ./Drivers/STM32F1xx_HAL_Driver/Src/stm32f1xx_hal_rcc.o
 .rodata.vTaskStartScheduler.str1.1
                0x080057c4        0x5 ./Middlewares/Third_Party/FreeRTOS/Source/tasks.o
                0x080057cc                        . = ALIGN (0x4)

.ARM.extab      0x080057c4        0x0
                0x080057c4                        . = ALIGN (0x4)
 *(.ARM.extab* .gnu.linkonce.armextab.*)
                0x080057c4                        . = ALIGN (0x4)

.ARM            0x080057c4        0x0
                0x080057c4                        . = ALIGN (0x4)
                0x080057c4                        __exidx_start = .
 *(.ARM.exidx*)
                0x080057c4                        __exidx_end = .
                0x080057c4                        . = ALIGN (0x4)

.preinit_array  0x080057c4        0x0
                0x080057c4                        . = ALIGN (0x4)
                0x080057c4                        PROVIDE (__preinit_array_start = .)
 *(.preinit_array*)
                0x080057c4                        PROVIDE (__preinit_array_end = .)
                0x080057c4                        . = ALIGN (0x4)

.init_array     0x080057c4        0x4
                0x080057c4                        . = ALIGN (0x4)
                0x080057c4                        PROVIDE (__init_array_start = .)
 *(SORT_BY_NAME(.init_array.*))
 *(.init_array*)
 .init_array    0x080057c4        0x4 E:/ST/STM32CubeIDE_1.19.0/STM32CubeIDE/plugins/com.st.stm32cube.ide.mcu.externaltools.gnu-tools-for-stm32.13.3.rel1.win32_1.0.0.202411081344/tools/bin/../lib/gcc/arm-none-eabi/13.3.1/thumb/v7-m/nofp/crtbegin.o
                0x080057c8                        PROVIDE (__init_array_end = .)
                0x080057c8                        . = ALIGN (0x4)

.fini_array     0x080057c8        0x4
                0x080057c8                        . = ALIGN (0x4)
                [!provide]                        PROVIDE (__fini_array_start = .)
 *(SORT_BY_NAME(.fini_array.*))
 *(.fini_array*)
 .fini_array    0x080057c8        0x4 E:/ST/STM32CubeIDE_1.19.0/STM32CubeIDE/plugins/com.st.stm32cube.ide.mcu.externaltools.gnu-tools-for-stm32.13.3.rel1.win32_1.0.0.202411081344/tools/bin/../lib/gcc/arm-none-eabi/13.3.1/thumb/v7-m/nofp/crtbegin.o
                [!provide]                        PROVIDE (__fini_array_end = .)
                0x080057cc                        . = ALIGN (0x4)
                0x080057cc                        _sidata = LOADADDR (.data)

.rel.dyn        0x080057cc        0x0
 .rel.iplt      0x080057cc        0x0 E:/ST/STM32CubeIDE_1.19.0/STM32CubeIDE/plugins/com.st.stm32cube.ide.mcu.externaltools.gnu-tools-for-stm32.13.3.rel1.win32_1.0.0.202411081344/tools/bin/../lib/gcc/arm-none-eabi/13.3.1/thumb/v7-m/nofp/crtbegin.o

.data           0x20000000       0x1c load address 0x080057cc
                0x20000000                        . = ALIGN (0x4)
                0x20000000                        _sdata = .
 *(.data)
 *(.data*)
 .data.voltage_threshold
                0x20000000        0x4 ./Core/Src/main.o
                0x20000000                voltage_threshold
 .data.modbus_config
                0x20000004        0x5 ./Core/Src/modbus_rtu.o
                0x20000004                modbus_config
 *fill*         0x20000009        0x3 
 .data.SystemCoreClock
                0x2000000c        0x4 ./Core/Src/system_stm32f1xx.o
                0x2000000c                SystemCoreClock
 .data.uwTickFreq
                0x20000010        0x1 ./Drivers/STM32F1xx_HAL_Driver/Src/stm32f1xx_hal.o
                0x20000010                uwTickFreq
 *fill*         0x20000011        0x3 
 .data.uwTickPrio
                0x20000014        0x4 ./Drivers/STM32F1xx_HAL_Driver/Src/stm32f1xx_hal.o
                0x20000014                uwTickPrio
 .data.uxCriticalNesting
                0x20000018        0x4 ./Middlewares/Third_Party/FreeRTOS/Source/portable/GCC/ARM_CM3/port.o
 *(.RamFunc)
 *(.RamFunc*)
                0x2000001c                        . = ALIGN (0x4)
                0x2000001c                        _edata = .

.igot.plt       0x2000001c        0x0 load address 0x080057e8
 .igot.plt      0x2000001c        0x0 E:/ST/STM32CubeIDE_1.19.0/STM32CubeIDE/plugins/com.st.stm32cube.ide.mcu.externaltools.gnu-tools-for-stm32.13.3.rel1.win32_1.0.0.202411081344/tools/bin/../lib/gcc/arm-none-eabi/13.3.1/thumb/v7-m/nofp/crtbegin.o
                0x2000001c                        . = ALIGN (0x4)

.bss            0x20000020     0x3110 load address 0x080057e8
                0x20000020                        _sbss = .
                0x20000020                        __bss_start__ = _sbss
 *(.bss)
 .bss           0x20000020       0x1c E:/ST/STM32CubeIDE_1.19.0/STM32CubeIDE/plugins/com.st.stm32cube.ide.mcu.externaltools.gnu-tools-for-stm32.13.3.rel1.win32_1.0.0.202411081344/tools/bin/../lib/gcc/arm-none-eabi/13.3.1/thumb/v7-m/nofp/crtbegin.o
 *(.bss*)
 .bss.charge_control
                0x2000003c        0x8 ./Core/Src/charge_control.o
                0x2000003c                charge_control
 *fill*         0x20000044        0x4 
 .bss.bms_data  0x20000048       0xd8 ./Core/Src/daly_bms.o
                0x20000048                bms_data
 .bss._get_static_data
                0x20000120        0x1 ./Core/Src/daly_bms.o
                0x20000120                _get_static_data
 .bss._request_counter
                0x20000121        0x1 ./Core/Src/daly_bms.o
                0x20000121                _request_counter
 .bss._error_counter
                0x20000122        0x1 ./Core/Src/daly_bms.o
                0x20000122                _error_counter
 .bss._rx_frame_buffer
                0x20000123       0x34 ./Core/Src/daly_bms.o
                0x20000123                _rx_frame_buffer
 .bss._frame_buff
                0x20000157       0x34 ./Core/Src/daly_bms.o
                0x20000157                _frame_buff
 .bss._tx_buffer
                0x2000018b        0xd ./Core/Src/daly_bms.o
                0x2000018b                _tx_buffer
 .bss._bms_request_callback
                0x20000198        0x4 ./Core/Src/daly_bms.o
                0x20000198                _bms_request_callback
 .bss.xIdleStack
                0x2000019c      0x200 ./Core/Src/freertos.o
 .bss.xIdleTaskTCBBuffer
                0x2000039c       0x54 ./Core/Src/freertos.o
 .bss.relay_power_enabled
                0x200003f0        0x1 ./Core/Src/main.o
                0x200003f0                relay_power_enabled
 *fill*         0x200003f1        0x3 
 .bss.ina_3v3   0x200003f4       0x18 ./Core/Src/main.o
                0x200003f4                ina_3v3
 .bss.ina_5v    0x2000040c       0x18 ./Core/Src/main.o
                0x2000040c                ina_5v
 .bss.ina_12v   0x20000424       0x18 ./Core/Src/main.o
                0x20000424                ina_12v
 .bss.modbusTaskHandle
                0x2000043c        0x4 ./Core/Src/main.o
                0x2000043c                modbusTaskHandle
 .bss.sk60xTaskHandle
                0x20000440        0x4 ./Core/Src/main.o
                0x20000440                sk60xTaskHandle
 .bss.bmsTaskHandle
                0x20000444        0x4 ./Core/Src/main.o
                0x20000444                bmsTaskHandle
 .bss.defaultTaskHandle
                0x20000448        0x4 ./Core/Src/main.o
                0x20000448                defaultTaskHandle
 .bss.huart3    0x2000044c       0x48 ./Core/Src/main.o
                0x2000044c                huart3
 .bss.huart2    0x20000494       0x48 ./Core/Src/main.o
                0x20000494                huart2
 .bss.huart1    0x200004dc       0x48 ./Core/Src/main.o
                0x200004dc                huart1
 .bss.hi2c1     0x20000524       0x54 ./Core/Src/main.o
                0x20000524                hi2c1
 .bss.modbus_processing
                0x20000578        0x1 ./Core/Src/modbus_rtu.o
                0x20000578                modbus_processing
 *fill*         0x20000579        0x3 
 .bss.modbus_rtu
                0x2000057c      0x210 ./Core/Src/modbus_rtu.o
                0x2000057c                modbus_rtu
 .bss._sk60_tx_buffer
                0x2000078c        0x8 ./Core/Src/sk60x.o
                0x2000078c                _sk60_tx_buffer
 .bss._sk60_rx_buffer
                0x20000794       0x2a ./Core/Src/sk60x.o
                0x20000794                _sk60_rx_buffer
 .bss.sk60x_data
                0x200007be       0x1c ./Core/Src/sk60x.o
                0x200007be                sk60x_data
 *fill*         0x200007da        0x2 
 .bss.uwTick    0x200007dc        0x4 ./Drivers/STM32F1xx_HAL_Driver/Src/stm32f1xx_hal.o
                0x200007dc                uwTick
 .bss.uxSchedulerSuspended
                0x200007e0        0x4 ./Middlewares/Third_Party/FreeRTOS/Source/tasks.o
 .bss.xNextTaskUnblockTime
                0x200007e4        0x4 ./Middlewares/Third_Party/FreeRTOS/Source/tasks.o
 .bss.uxTaskNumber
                0x200007e8        0x4 ./Middlewares/Third_Party/FreeRTOS/Source/tasks.o
 .bss.xNumOfOverflows
                0x200007ec        0x4 ./Middlewares/Third_Party/FreeRTOS/Source/tasks.o
 .bss.xYieldPending
                0x200007f0        0x4 ./Middlewares/Third_Party/FreeRTOS/Source/tasks.o
 .bss.xPendedTicks
                0x200007f4        0x4 ./Middlewares/Third_Party/FreeRTOS/Source/tasks.o
 .bss.xSchedulerRunning
                0x200007f8        0x4 ./Middlewares/Third_Party/FreeRTOS/Source/tasks.o
 .bss.uxTopReadyPriority
                0x200007fc        0x4 ./Middlewares/Third_Party/FreeRTOS/Source/tasks.o
 .bss.xTickCount
                0x20000800        0x4 ./Middlewares/Third_Party/FreeRTOS/Source/tasks.o
 .bss.uxCurrentNumberOfTasks
                0x20000804        0x4 ./Middlewares/Third_Party/FreeRTOS/Source/tasks.o
 .bss.xSuspendedTaskList
                0x20000808       0x14 ./Middlewares/Third_Party/FreeRTOS/Source/tasks.o
 .bss.uxDeletedTasksWaitingCleanUp
                0x2000081c        0x4 ./Middlewares/Third_Party/FreeRTOS/Source/tasks.o
 .bss.xTasksWaitingTermination
                0x20000820       0x14 ./Middlewares/Third_Party/FreeRTOS/Source/tasks.o
 .bss.xPendingReadyList
                0x20000834       0x14 ./Middlewares/Third_Party/FreeRTOS/Source/tasks.o
 .bss.pxOverflowDelayedTaskList
                0x20000848        0x4 ./Middlewares/Third_Party/FreeRTOS/Source/tasks.o
 .bss.pxDelayedTaskList
                0x2000084c        0x4 ./Middlewares/Third_Party/FreeRTOS/Source/tasks.o
 .bss.xDelayedTaskList2
                0x20000850       0x14 ./Middlewares/Third_Party/FreeRTOS/Source/tasks.o
 .bss.xDelayedTaskList1
                0x20000864       0x14 ./Middlewares/Third_Party/FreeRTOS/Source/tasks.o
 .bss.pxReadyTasksLists
                0x20000878       0x8c ./Middlewares/Third_Party/FreeRTOS/Source/tasks.o
 .bss.pxCurrentTCB
                0x20000904        0x4 ./Middlewares/Third_Party/FreeRTOS/Source/tasks.o
                0x20000904                pxCurrentTCB
 .bss.ulMaxPRIGROUPValue
                0x20000908        0x4 ./Middlewares/Third_Party/FreeRTOS/Source/portable/GCC/ARM_CM3/port.o
 .bss.ucMaxSysCallPriority
                0x2000090c        0x1 ./Middlewares/Third_Party/FreeRTOS/Source/portable/GCC/ARM_CM3/port.o
 *fill*         0x2000090d        0x3 
 .bss.xBlockAllocatedBit
                0x20000910        0x4 ./Middlewares/Third_Party/FreeRTOS/Source/portable/MemMang/heap_4.o
 .bss.xNumberOfSuccessfulFrees
                0x20000914        0x4 ./Middlewares/Third_Party/FreeRTOS/Source/portable/MemMang/heap_4.o
 .bss.xNumberOfSuccessfulAllocations
                0x20000918        0x4 ./Middlewares/Third_Party/FreeRTOS/Source/portable/MemMang/heap_4.o
 .bss.xMinimumEverFreeBytesRemaining
                0x2000091c        0x4 ./Middlewares/Third_Party/FreeRTOS/Source/portable/MemMang/heap_4.o
 .bss.xFreeBytesRemaining
                0x20000920        0x4 ./Middlewares/Third_Party/FreeRTOS/Source/portable/MemMang/heap_4.o
 .bss.pxEnd     0x20000924        0x4 ./Middlewares/Third_Party/FreeRTOS/Source/portable/MemMang/heap_4.o
 .bss.xStart    0x20000928        0x8 ./Middlewares/Third_Party/FreeRTOS/Source/portable/MemMang/heap_4.o
 .bss.ucHeap    0x20000930     0x2800 ./Middlewares/Third_Party/FreeRTOS/Source/portable/MemMang/heap_4.o
 *(COMMON)
                0x20003130                        . = ALIGN (0x4)
                0x20003130                        _ebss = .
                0x20003130                        __bss_end__ = _ebss

._user_heap_stack
                0x20003130      0x600 load address 0x080057e8
                0x20003130                        . = ALIGN (0x8)
                [!provide]                        PROVIDE (end = .)
                0x20003130                        PROVIDE (_end = .)
                0x20003330                        . = (. + _Min_Heap_Size)
 *fill*         0x20003130      0x200 
                0x20003730                        . = (. + _Min_Stack_Size)
 *fill*         0x20003330      0x400 
                0x20003730                        . = ALIGN (0x8)

/DISCARD/
 libc.a(*)
 libm.a(*)
 libgcc.a(*)

.ARM.attributes
                0x00000000       0x29
 *(.ARM.attributes)
 .ARM.attributes
                0x00000000       0x1d E:/ST/STM32CubeIDE_1.19.0/STM32CubeIDE/plugins/com.st.stm32cube.ide.mcu.externaltools.gnu-tools-for-stm32.13.3.rel1.win32_1.0.0.202411081344/tools/bin/../lib/gcc/arm-none-eabi/13.3.1/thumb/v7-m/nofp/crti.o
 .ARM.attributes
                0x0000001d       0x2d E:/ST/STM32CubeIDE_1.19.0/STM32CubeIDE/plugins/com.st.stm32cube.ide.mcu.externaltools.gnu-tools-for-stm32.13.3.rel1.win32_1.0.0.202411081344/tools/bin/../lib/gcc/arm-none-eabi/13.3.1/thumb/v7-m/nofp/crtbegin.o
 .ARM.attributes
                0x0000004a       0x2d ./Core/Src/charge_control.o
 .ARM.attributes
                0x00000077       0x2d ./Core/Src/daly_bms.o
 .ARM.attributes
                0x000000a4       0x2d ./Core/Src/freertos.o
 .ARM.attributes
                0x000000d1       0x2d ./Core/Src/ina219.o
 .ARM.attributes
                0x000000fe       0x2d ./Core/Src/main.o
 .ARM.attributes
                0x0000012b       0x2d ./Core/Src/modbus_rtu.o
 .ARM.attributes
                0x00000158       0x2d ./Core/Src/sk60x.o
 .ARM.attributes
                0x00000185       0x2d ./Core/Src/stm32f1xx_hal_msp.o
 .ARM.attributes
                0x000001b2       0x2d ./Core/Src/stm32f1xx_it.o
 .ARM.attributes
                0x000001df       0x2d ./Core/Src/system_stm32f1xx.o
 .ARM.attributes
                0x0000020c       0x21 ./Core/Startup/startup_stm32f103c8tx.o
 .ARM.attributes
                0x0000022d       0x2d ./Drivers/STM32F1xx_HAL_Driver/Src/stm32f1xx_hal.o
 .ARM.attributes
                0x0000025a       0x2d ./Drivers/STM32F1xx_HAL_Driver/Src/stm32f1xx_hal_cortex.o
 .ARM.attributes
                0x00000287       0x2d ./Drivers/STM32F1xx_HAL_Driver/Src/stm32f1xx_hal_dma.o
 .ARM.attributes
                0x000002b4       0x2d ./Drivers/STM32F1xx_HAL_Driver/Src/stm32f1xx_hal_gpio.o
 .ARM.attributes
                0x000002e1       0x2d ./Drivers/STM32F1xx_HAL_Driver/Src/stm32f1xx_hal_i2c.o
 .ARM.attributes
                0x0000030e       0x2d ./Drivers/STM32F1xx_HAL_Driver/Src/stm32f1xx_hal_rcc.o
 .ARM.attributes
                0x0000033b       0x2d ./Drivers/STM32F1xx_HAL_Driver/Src/stm32f1xx_hal_uart.o
 .ARM.attributes
                0x00000368       0x2d ./Middlewares/Third_Party/FreeRTOS/Source/CMSIS_RTOS/cmsis_os.o
 .ARM.attributes
                0x00000395       0x2d ./Middlewares/Third_Party/FreeRTOS/Source/list.o
 .ARM.attributes
                0x000003c2       0x2d ./Middlewares/Third_Party/FreeRTOS/Source/tasks.o
 .ARM.attributes
                0x000003ef       0x2d ./Middlewares/Third_Party/FreeRTOS/Source/portable/GCC/ARM_CM3/port.o
 .ARM.attributes
                0x0000041c       0x2d ./Middlewares/Third_Party/FreeRTOS/Source/portable/MemMang/heap_4.o
 .ARM.attributes
                0x00000449       0x2d E:/ST/STM32CubeIDE_1.19.0/STM32CubeIDE/plugins/com.st.stm32cube.ide.mcu.externaltools.gnu-tools-for-stm32.13.3.rel1.win32_1.0.0.202411081344/tools/bin/../lib/gcc/arm-none-eabi/13.3.1/../../../../arm-none-eabi/lib/thumb/v7-m/nofp\libc_nano.a(libc_a-memset.o)
 .ARM.attributes
                0x00000476       0x2d E:/ST/STM32CubeIDE_1.19.0/STM32CubeIDE/plugins/com.st.stm32cube.ide.mcu.externaltools.gnu-tools-for-stm32.13.3.rel1.win32_1.0.0.202411081344/tools/bin/../lib/gcc/arm-none-eabi/13.3.1/../../../../arm-none-eabi/lib/thumb/v7-m/nofp\libc_nano.a(libc_a-init.o)
 .ARM.attributes
                0x000004a3       0x1d E:/ST/STM32CubeIDE_1.19.0/STM32CubeIDE/plugins/com.st.stm32cube.ide.mcu.externaltools.gnu-tools-for-stm32.13.3.rel1.win32_1.0.0.202411081344/tools/bin/../lib/gcc/arm-none-eabi/13.3.1/thumb/v7-m/nofp\libgcc.a(_arm_addsubsf3.o)
 .ARM.attributes
                0x000004c0       0x1d E:/ST/STM32CubeIDE_1.19.0/STM32CubeIDE/plugins/com.st.stm32cube.ide.mcu.externaltools.gnu-tools-for-stm32.13.3.rel1.win32_1.0.0.202411081344/tools/bin/../lib/gcc/arm-none-eabi/13.3.1/thumb/v7-m/nofp\libgcc.a(_arm_muldivsf3.o)
 .ARM.attributes
                0x000004dd       0x1d E:/ST/STM32CubeIDE_1.19.0/STM32CubeIDE/plugins/com.st.stm32cube.ide.mcu.externaltools.gnu-tools-for-stm32.13.3.rel1.win32_1.0.0.202411081344/tools/bin/../lib/gcc/arm-none-eabi/13.3.1/thumb/v7-m/nofp\libgcc.a(_arm_cmpsf2.o)
 .ARM.attributes
                0x000004fa       0x1d E:/ST/STM32CubeIDE_1.19.0/STM32CubeIDE/plugins/com.st.stm32cube.ide.mcu.externaltools.gnu-tools-for-stm32.13.3.rel1.win32_1.0.0.202411081344/tools/bin/../lib/gcc/arm-none-eabi/13.3.1/thumb/v7-m/nofp\libgcc.a(_arm_fixunssfsi.o)
 .ARM.attributes
                0x00000517       0x1d E:/ST/STM32CubeIDE_1.19.0/STM32CubeIDE/plugins/com.st.stm32cube.ide.mcu.externaltools.gnu-tools-for-stm32.13.3.rel1.win32_1.0.0.202411081344/tools/bin/../lib/gcc/arm-none-eabi/13.3.1/thumb/v7-m/nofp/crtn.o
OUTPUT(power_management.elf elf32-littlearm)
LOAD linker stubs
LOAD E:/ST/STM32CubeIDE_1.19.0/STM32CubeIDE/plugins/com.st.stm32cube.ide.mcu.externaltools.gnu-tools-for-stm32.13.3.rel1.win32_1.0.0.202411081344/tools/bin/../lib/gcc/arm-none-eabi/13.3.1/../../../../arm-none-eabi/lib/thumb/v7-m/nofp\libc.a
LOAD E:/ST/STM32CubeIDE_1.19.0/STM32CubeIDE/plugins/com.st.stm32cube.ide.mcu.externaltools.gnu-tools-for-stm32.13.3.rel1.win32_1.0.0.202411081344/tools/bin/../lib/gcc/arm-none-eabi/13.3.1/../../../../arm-none-eabi/lib/thumb/v7-m/nofp\libm.a
LOAD E:/ST/STM32CubeIDE_1.19.0/STM32CubeIDE/plugins/com.st.stm32cube.ide.mcu.externaltools.gnu-tools-for-stm32.13.3.rel1.win32_1.0.0.202411081344/tools/bin/../lib/gcc/arm-none-eabi/13.3.1/thumb/v7-m/nofp\libgcc.a

.comment        0x00000000       0x43
 .comment       0x00000000       0x43 ./Core/Src/charge_control.o
                                 0x44 (size before relaxing)
 .comment       0x00000043       0x44 ./Core/Src/daly_bms.o
 .comment       0x00000043       0x44 ./Core/Src/freertos.o
 .comment       0x00000043       0x44 ./Core/Src/ina219.o
 .comment       0x00000043       0x44 ./Core/Src/main.o
 .comment       0x00000043       0x44 ./Core/Src/modbus_rtu.o
 .comment       0x00000043       0x44 ./Core/Src/sk60x.o
 .comment       0x00000043       0x44 ./Core/Src/stm32f1xx_hal_msp.o
 .comment       0x00000043       0x44 ./Core/Src/stm32f1xx_it.o
 .comment       0x00000043       0x44 ./Core/Src/system_stm32f1xx.o
 .comment       0x00000043       0x44 ./Drivers/STM32F1xx_HAL_Driver/Src/stm32f1xx_hal.o
 .comment       0x00000043       0x44 ./Drivers/STM32F1xx_HAL_Driver/Src/stm32f1xx_hal_cortex.o
 .comment       0x00000043       0x44 ./Drivers/STM32F1xx_HAL_Driver/Src/stm32f1xx_hal_dma.o
 .comment       0x00000043       0x44 ./Drivers/STM32F1xx_HAL_Driver/Src/stm32f1xx_hal_gpio.o
 .comment       0x00000043       0x44 ./Drivers/STM32F1xx_HAL_Driver/Src/stm32f1xx_hal_i2c.o
 .comment       0x00000043       0x44 ./Drivers/STM32F1xx_HAL_Driver/Src/stm32f1xx_hal_rcc.o
 .comment       0x00000043       0x44 ./Drivers/STM32F1xx_HAL_Driver/Src/stm32f1xx_hal_uart.o
 .comment       0x00000043       0x44 ./Middlewares/Third_Party/FreeRTOS/Source/CMSIS_RTOS/cmsis_os.o
 .comment       0x00000043       0x44 ./Middlewares/Third_Party/FreeRTOS/Source/list.o
 .comment       0x00000043       0x44 ./Middlewares/Third_Party/FreeRTOS/Source/tasks.o
 .comment       0x00000043       0x44 ./Middlewares/Third_Party/FreeRTOS/Source/portable/GCC/ARM_CM3/port.o
 .comment       0x00000043       0x44 ./Middlewares/Third_Party/FreeRTOS/Source/portable/MemMang/heap_4.o

.debug_frame    0x00000000      0x1bc
 .debug_frame   0x00000000       0x20 E:/ST/STM32CubeIDE_1.19.0/STM32CubeIDE/plugins/com.st.stm32cube.ide.mcu.externaltools.gnu-tools-for-stm32.13.3.rel1.win32_1.0.0.202411081344/tools/bin/../lib/gcc/arm-none-eabi/13.3.1/../../../../arm-none-eabi/lib/thumb/v7-m/nofp\libc_nano.a(libc_a-memset.o)
 .debug_frame   0x00000020       0x2c E:/ST/STM32CubeIDE_1.19.0/STM32CubeIDE/plugins/com.st.stm32cube.ide.mcu.externaltools.gnu-tools-for-stm32.13.3.rel1.win32_1.0.0.202411081344/tools/bin/../lib/gcc/arm-none-eabi/13.3.1/../../../../arm-none-eabi/lib/thumb/v7-m/nofp\libc_nano.a(libc_a-init.o)
 .debug_frame   0x0000004c       0x4c E:/ST/STM32CubeIDE_1.19.0/STM32CubeIDE/plugins/com.st.stm32cube.ide.mcu.externaltools.gnu-tools-for-stm32.13.3.rel1.win32_1.0.0.202411081344/tools/bin/../lib/gcc/arm-none-eabi/13.3.1/thumb/v7-m/nofp\libgcc.a(_arm_addsubsf3.o)
 .debug_frame   0x00000098       0x38 E:/ST/STM32CubeIDE_1.19.0/STM32CubeIDE/plugins/com.st.stm32cube.ide.mcu.externaltools.gnu-tools-for-stm32.13.3.rel1.win32_1.0.0.202411081344/tools/bin/../lib/gcc/arm-none-eabi/13.3.1/thumb/v7-m/nofp\libgcc.a(_arm_muldivsf3.o)
 .debug_frame   0x000000d0       0xc8 E:/ST/STM32CubeIDE_1.19.0/STM32CubeIDE/plugins/com.st.stm32cube.ide.mcu.externaltools.gnu-tools-for-stm32.13.3.rel1.win32_1.0.0.202411081344/tools/bin/../lib/gcc/arm-none-eabi/13.3.1/thumb/v7-m/nofp\libgcc.a(_arm_cmpsf2.o)
 .debug_frame   0x00000198       0x24 E:/ST/STM32CubeIDE_1.19.0/STM32CubeIDE/plugins/com.st.stm32cube.ide.mcu.externaltools.gnu-tools-for-stm32.13.3.rel1.win32_1.0.0.202411081344/tools/bin/../lib/gcc/arm-none-eabi/13.3.1/thumb/v7-m/nofp\libgcc.a(_arm_fixunssfsi.o)
